
 Start         Length     Name                   Class
 0001:00000000 0004DDC8H .text                   CODE
 0002:00000000 00001184H .data                   DATA
 0002:00001184 00000BDDH .bss                    BSS


Detailed map of segments

 0001:00000000 00004F9F C=CODE     S=.text    G=(none)   M=System   ACBP=A9
 0001:00004FA0 00000140 C=CODE     S=.text    G=(none)   M=SysInit  ACBP=A9
 0001:000050E0 00000078 C=CODE     S=.text    G=(none)   M=Types    ACBP=A9
 0001:00005158 00000C34 C=CODE     S=.text    G=(none)   M=Windows  ACBP=A9
 0001:00005D8C 00000038 C=CODE     S=.text    G=(none)   M=Messages ACBP=A9
 0001:00005DC4 00000310 C=CODE     S=.text    G=(none)   M=SysConst ACBP=A9
 0001:000060D4 00006620 C=CODE     S=.text    G=(none)   M=SysUtils ACBP=A9
 0001:0000C6F4 000007FB C=CODE     S=.text    G=(none)   M=VarUtils ACBP=A9
 0001:0000CEF0 00002A42 C=CODE     S=.text    G=(none)   M=Variants ACBP=A9
 0001:0000F934 00000120 C=CODE     S=.text    G=(none)   M=RTLConsts ACBP=A9
 0001:0000FA54 000007E8 C=CODE     S=.text    G=(none)   M=TypInfo  ACBP=A9
 0001:0001023C 00000038 C=CODE     S=.text    G=(none)   M=ActiveX  ACBP=A9
 0001:00010274 0000973E C=CODE     S=.text    G=(none)   M=Classes  ACBP=A9
 0001:000199B4 00000290 C=CODE     S=.text    G=(none)   M=Consts   ACBP=A9
 0001:00019C44 000072D7 C=CODE     S=.text    G=(none)   M=Graphics ACBP=A9
 0001:00020F1C 00000048 C=CODE     S=.text    G=(none)   M=Math     ACBP=A9
 0001:00020F64 000002B8 C=CODE     S=.text    G=(none)   M=Contnrs  ACBP=A9
 0001:0002121C 000000F4 C=CODE     S=.text    G=(none)   M=CommCtrl ACBP=A9
 0001:00021310 00000787 C=CODE     S=.text    G=(none)   M=MultiMon ACBP=A9
 0001:00021A98 00000038 C=CODE     S=.text    G=(none)   M=Imm      ACBP=A9
 0001:00021AD0 00000FF8 C=CODE     S=.text    G=(none)   M=HelpIntfs ACBP=A9
 0001:00022AC8 00000038 C=CODE     S=.text    G=(none)   M=WinSpool ACBP=A9
 0001:00022B00 00000044 C=CODE     S=.text    G=(none)   M=Printers ACBP=A9
 0001:00022B44 0000031F C=CODE     S=.text    G=(none)   M=FlatSB   ACBP=A9
 0001:00022E64 000001A4 C=CODE     S=.text    G=(none)   M=SyncObjs ACBP=A9
 0001:00023008 000009BB C=CODE     S=.text    G=(none)   M=UxTheme  ACBP=A9
 0001:000239C4 00000038 C=CODE     S=.text    G=(none)   M=RichEdit ACBP=A9
 0001:000239FC 00000038 C=CODE     S=.text    G=(none)   M=ToolWin  ACBP=A9
 0001:00023A34 00000038 C=CODE     S=.text    G=(none)   M=ShellAPI ACBP=A9
 0001:00023A6C 00000038 C=CODE     S=.text    G=(none)   M=RegStr   ACBP=A9
 0001:00023AA4 00000038 C=CODE     S=.text    G=(none)   M=WinInet  ACBP=A9
 0001:00023ADC 00000038 C=CODE     S=.text    G=(none)   M=UrlMon   ACBP=A9
 0001:00023B14 0000006C C=CODE     S=.text    G=(none)   M=ShlObj   ACBP=A9
 0001:00023B80 00000048 C=CODE     S=.text    G=(none)   M=CommDlg  ACBP=A9
 0001:00023BC8 00000038 C=CODE     S=.text    G=(none)   M=Dlgs     ACBP=A9
 0001:00023C00 00001795 C=CODE     S=.text    G=(none)   M=Dialogs  ACBP=A9
 0001:00025398 00000652 C=CODE     S=.text    G=(none)   M=ExtCtrls ACBP=A9
 0001:000259EC 00000038 C=CODE     S=.text    G=(none)   M=ComStrs  ACBP=A9
 0001:00025A24 00000094 C=CODE     S=.text    G=(none)   M=Clipbrd  ACBP=A9
 0001:00025AB8 00000038 C=CODE     S=.text    G=(none)   M=StrUtils ACBP=A9
 0001:00025AF0 000000F5 C=CODE     S=.text    G=(none)   M=Buttons  ACBP=A9
 0001:00025BE8 00000038 C=CODE     S=.text    G=(none)   M=ExtDlgs  ACBP=A9
 0001:00025C20 00000068 C=CODE     S=.text    G=(none)   M=IniFiles ACBP=A9
 0001:00025C88 00000068 C=CODE     S=.text    G=(none)   M=Registry ACBP=A9
 0001:00025CF0 0000006C C=CODE     S=.text    G=(none)   M=Mapi     ACBP=A9
 0001:00025D5C 00000058 C=CODE     S=.text    G=(none)   M=ExtActns ACBP=A9
 0001:00025DB4 00000038 C=CODE     S=.text    G=(none)   M=ListActns ACBP=A9
 0001:00025DEC 00000180 C=CODE     S=.text    G=(none)   M=ComCtrls ACBP=A9
 0001:00025F6C 00000A0C C=CODE     S=.text    G=(none)   M=Themes   ACBP=A9
 0001:00026978 00000038 C=CODE     S=.text    G=(none)   M=StdCtrls ACBP=A9
 0001:000269B0 00000168 C=CODE     S=.text    G=(none)   M=StdActns ACBP=A9
 0001:00026B18 00000D1F C=CODE     S=.text    G=(none)   M=WinHelpViewer ACBP=A9
 0001:00027838 000104F3 C=CODE     S=.text    G=(none)   M=Controls ACBP=A9
 0001:00037D2C 00001292 C=CODE     S=.text    G=(none)   M=ActnList ACBP=A9
 0001:00038FC0 000017EC C=CODE     S=.text    G=(none)   M=ImgList  ACBP=A9
 0001:0003A7AC 000066AD C=CODE     S=.text    G=(none)   M=Menus    ACBP=A9
 0001:00040E5C 0000C5D0 C=CODE     S=.text    G=(none)   M=Forms    ACBP=A9
 0001:0004D42C 00000093 C=CODE     S=.text    G=(none)   M=OpenGL   ACBP=A9
 0001:0004D4C0 000006A4 C=CODE     S=.text    G=(none)   M=Unit1    ACBP=A9
 0001:0004DB64 00000263 C=CODE     S=.text    G=(none)   M=Project1 ACBP=A9
 0002:00000000 0000009C C=DATA     S=.data    G=DGROUP   M=System   ACBP=A9
 0002:0000009C 00000020 C=DATA     S=.data    G=DGROUP   M=SysInit  ACBP=A9
 0002:000000BC 00000254 C=DATA     S=.data    G=DGROUP   M=SysUtils ACBP=A9
 0002:00000310 00000008 C=DATA     S=.data    G=DGROUP   M=VarUtils ACBP=A9
 0002:00000318 0000008E C=DATA     S=.data    G=DGROUP   M=Variants ACBP=A9
 0002:000003A8 0000000C C=DATA     S=.data    G=DGROUP   M=TypInfo  ACBP=A9
 0002:000003B4 00000064 C=DATA     S=.data    G=DGROUP   M=Classes  ACBP=A9
 0002:00000418 00000304 C=DATA     S=.data    G=DGROUP   M=Graphics ACBP=A9
 0002:0000071C 00000004 C=DATA     S=.data    G=DGROUP   M=Printers ACBP=A9
 0002:00000720 000000D4 C=DATA     S=.data    G=DGROUP   M=Dialogs  ACBP=A9
 0002:000007F4 00000178 C=DATA     S=.data    G=DGROUP   M=ExtCtrls ACBP=A9
 0002:0000096C 0000002C C=DATA     S=.data    G=DGROUP   M=Buttons  ACBP=A9
 0002:00000998 00000008 C=DATA     S=.data    G=DGROUP   M=IniFiles ACBP=A9
 0002:000009A0 00000008 C=DATA     S=.data    G=DGROUP   M=Registry ACBP=A9
 0002:000009A8 00000008 C=DATA     S=.data    G=DGROUP   M=Mapi     ACBP=A9
 0002:000009B0 00000018 C=DATA     S=.data    G=DGROUP   M=ComCtrls ACBP=A9
 0002:000009C8 00000068 C=DATA     S=.data    G=DGROUP   M=Themes   ACBP=A9
 0002:00000A30 0000013C C=DATA     S=.data    G=DGROUP   M=Controls ACBP=A9
 0002:00000B6C 00000020 C=DATA     S=.data    G=DGROUP   M=ImgList  ACBP=A9
 0002:00000B8C 000000EC C=DATA     S=.data    G=DGROUP   M=Menus    ACBP=A9
 0002:00000C78 0000011C C=DATA     S=.data    G=DGROUP   M=Forms    ACBP=A9
 0002:00002000 00000660 C=BSS      S=.bss     G=DGROUP   M=System   ACBP=A9
 0002:00002660 00000010 C=BSS      S=.bss     G=DGROUP   M=SysInit  ACBP=A9
 0002:00002670 00000004 C=BSS      S=.bss     G=DGROUP   M=Types    ACBP=A9
 0002:00002674 00000004 C=BSS      S=.bss     G=DGROUP   M=Windows  ACBP=A9
 0002:00002678 00000004 C=BSS      S=.bss     G=DGROUP   M=Messages ACBP=A9
 0002:0000267C 00000004 C=BSS      S=.bss     G=DGROUP   M=SysConst ACBP=A9
 0002:00002680 00000120 C=BSS      S=.bss     G=DGROUP   M=SysUtils ACBP=A9
 0002:000027A0 0000005C C=BSS      S=.bss     G=DGROUP   M=VarUtils ACBP=A9
 0002:000027FC 00000040 C=BSS      S=.bss     G=DGROUP   M=Variants ACBP=A9
 0002:0000283C 00000004 C=BSS      S=.bss     G=DGROUP   M=RTLConsts ACBP=A9
 0002:00002840 00000004 C=BSS      S=.bss     G=DGROUP   M=TypInfo  ACBP=A9
 0002:00002844 00000004 C=BSS      S=.bss     G=DGROUP   M=ActiveX  ACBP=A9
 0002:00002848 00000040 C=BSS      S=.bss     G=DGROUP   M=Classes  ACBP=A9
 0002:00002888 00000004 C=BSS      S=.bss     G=DGROUP   M=Consts   ACBP=A9
 0002:0000288C 00000060 C=BSS      S=.bss     G=DGROUP   M=Graphics ACBP=A9
 0002:000028EC 00000004 C=BSS      S=.bss     G=DGROUP   M=Math     ACBP=A9
 0002:000028F0 00000004 C=BSS      S=.bss     G=DGROUP   M=Contnrs  ACBP=A9
 0002:000028F4 00000004 C=BSS      S=.bss     G=DGROUP   M=CommCtrl ACBP=A9
 0002:000028F8 00000031 C=BSS      S=.bss     G=DGROUP   M=MultiMon ACBP=A9
 0002:0000292C 00000004 C=BSS      S=.bss     G=DGROUP   M=Imm      ACBP=A9
 0002:00002930 00000008 C=BSS      S=.bss     G=DGROUP   M=HelpIntfs ACBP=A9
 0002:00002938 00000004 C=BSS      S=.bss     G=DGROUP   M=WinSpool ACBP=A9
 0002:0000293C 00000004 C=BSS      S=.bss     G=DGROUP   M=Printers ACBP=A9
 0002:00002940 00000034 C=BSS      S=.bss     G=DGROUP   M=FlatSB   ACBP=A9
 0002:00002974 00000004 C=BSS      S=.bss     G=DGROUP   M=SyncObjs ACBP=A9
 0002:00002978 000000CC C=BSS      S=.bss     G=DGROUP   M=UxTheme  ACBP=A9
 0002:00002A44 00000004 C=BSS      S=.bss     G=DGROUP   M=RichEdit ACBP=A9
 0002:00002A48 00000004 C=BSS      S=.bss     G=DGROUP   M=ToolWin  ACBP=A9
 0002:00002A4C 00000004 C=BSS      S=.bss     G=DGROUP   M=ShellAPI ACBP=A9
 0002:00002A50 00000004 C=BSS      S=.bss     G=DGROUP   M=RegStr   ACBP=A9
 0002:00002A54 00000004 C=BSS      S=.bss     G=DGROUP   M=WinInet  ACBP=A9
 0002:00002A58 00000004 C=BSS      S=.bss     G=DGROUP   M=UrlMon   ACBP=A9
 0002:00002A5C 00000004 C=BSS      S=.bss     G=DGROUP   M=ShlObj   ACBP=A9
 0002:00002A60 00000004 C=BSS      S=.bss     G=DGROUP   M=CommDlg  ACBP=A9
 0002:00002A64 00000004 C=BSS      S=.bss     G=DGROUP   M=Dlgs     ACBP=A9
 0002:00002A68 0000000C C=BSS      S=.bss     G=DGROUP   M=Dialogs  ACBP=A9
 0002:00002A74 00000004 C=BSS      S=.bss     G=DGROUP   M=ExtCtrls ACBP=A9
 0002:00002A78 00000004 C=BSS      S=.bss     G=DGROUP   M=ComStrs  ACBP=A9
 0002:00002A7C 0000000C C=BSS      S=.bss     G=DGROUP   M=Clipbrd  ACBP=A9
 0002:00002A88 00000004 C=BSS      S=.bss     G=DGROUP   M=StrUtils ACBP=A9
 0002:00002A8C 00000030 C=BSS      S=.bss     G=DGROUP   M=Buttons  ACBP=A9
 0002:00002ABC 00000004 C=BSS      S=.bss     G=DGROUP   M=ExtDlgs  ACBP=A9
 0002:00002AC0 00000004 C=BSS      S=.bss     G=DGROUP   M=IniFiles ACBP=A9
 0002:00002AC4 00000004 C=BSS      S=.bss     G=DGROUP   M=Registry ACBP=A9
 0002:00002AC8 00000004 C=BSS      S=.bss     G=DGROUP   M=Mapi     ACBP=A9
 0002:00002ACC 00000009 C=BSS      S=.bss     G=DGROUP   M=ExtActns ACBP=A9
 0002:00002AD8 00000004 C=BSS      S=.bss     G=DGROUP   M=ListActns ACBP=A9
 0002:00002ADC 00000010 C=BSS      S=.bss     G=DGROUP   M=ComCtrls ACBP=A9
 0002:00002AEC 00000008 C=BSS      S=.bss     G=DGROUP   M=Themes   ACBP=A9
 0002:00002AF4 00000004 C=BSS      S=.bss     G=DGROUP   M=StdCtrls ACBP=A9
 0002:00002AF8 00000004 C=BSS      S=.bss     G=DGROUP   M=StdActns ACBP=A9
 0002:00002AFC 00000014 C=BSS      S=.bss     G=DGROUP   M=WinHelpViewer ACBP=A9
 0002:00002B10 00000080 C=BSS      S=.bss     G=DGROUP   M=Controls ACBP=A9
 0002:00002B90 00000004 C=BSS      S=.bss     G=DGROUP   M=ActnList ACBP=A9
 0002:00002B94 0000000C C=BSS      S=.bss     G=DGROUP   M=ImgList  ACBP=A9
 0002:00002BA0 00000010 C=BSS      S=.bss     G=DGROUP   M=Menus    ACBP=A9
 0002:00002BB0 00000020 C=BSS      S=.bss     G=DGROUP   M=Forms    ACBP=A9
 0002:00002BD0 00000004 C=BSS      S=.bss     G=DGROUP   M=OpenGL   ACBP=A9
 0002:00002BD4 00000008 C=BSS      S=.bss     G=DGROUP   M=Unit1    ACBP=A9


  Address         Publics by Name

 0002:00002B04       .1
 0002:00002A64       .1
 0002:00002A78       .1
 0002:00002A60       .1
 0002:00002A5C       .1
 0002:00002AC8       .1
 0002:00002A58       .1
 0002:00002670       .1
 0002:00002A54       .1
 0002:00002A50       .1
 0002:00002A4C       .1
 0002:00002A88       .1
 0002:00002A44       .1
 0002:00002A34       .1
 0002:00002960       .1
 0002:0000292C       .1
 0002:00002918       .1
 0002:000028F4       .1
 0002:00002BD0       .1
 0002:0000267C       .1
 0002:00002888       .1
 0002:00002668       .1
 0002:00002678       .1
 0002:0000283C       .1
 0002:00002A68       .11
 0002:00002890       .12
 0002:00002A74       .12
 0002:00002AEC       .2
 0002:00002930       .2
 0002:00002BD8       .2
 0002:00002A80       .2
 0002:000028EC       .2
 0002:000028F0       .21
 0002:00002938       .3
 0002:0000293C       .3
 0002:00002B94       .3
 0002:00002844       .3
 0002:00002ABC       .3
 0002:00002674       .3
 0002:00002790       .35
 0002:00002ADC       .36
 0002:00002A8C       .4
 0002:00002A48       .4
 0002:00002BB8       .41
 0002:00002AF4       .42
 0002:00002854       .45
 0002:000025B8       .5
 0002:000027F8       .5
 0002:00002AC4       .5
 0002:00002974       .6
 0002:00002840       .6
 0002:00002B18       .72
 0002:00002ACC       .72
 0002:00002AF8       .73
 0002:00002AD8       .8
 0002:00002AC0       .8
 0002:00002B90       .8
 0002:0000281C       .81
 0002:00002BA8       .9
 0001:00001CAC       @AbstractError
 0001:000027E4       @AfterConstruction
 0001:00002628       @AsClass
 0001:00001E14       @AStrCmp
 0001:000027F4       @BeforeDestruction
 0001:00002674       @CallDynaInst
 0001:0000278C       @ClassCreate
 0001:000027DC       @ClassDestroy
 0001:00001D1C       @Close
 0001:00001BE4       @Copy
 0001:00003E8C       @CopyArray
 0001:00003D70       @CopyRecord
 0001:00003F80       @DispCallByIDError
 0001:0000D990       @DispInvokeError
 0001:00002C70       @DoneExcept
 0001:000041D0       @DynArrayAsg
 0001:00004194       @DynArrayClear
 0001:00003FB4       @DynArrayHigh
 0001:00003FAC       @DynArrayLength
 0001:00004188       @DynArraySetLength
 0001:00002D58       @ExceptionHandler
 0001:00001E84       @FillChar
 0001:00003D4C       @Finalize
 0001:00003C60       @FinalizeArray
 0001:00003C14       @FinalizeRecord
 0001:000023A4       @FpuInit
 0001:000022E0       @FpuMaskInit
 0001:00001A58       @FreeMem
 0001:00001A28       @GetMem
 0001:00005018       @GetTls
 0001:000031C8       @Halt
 0001:000030E8       @Halt0
 0001:00002908       @HandleAnyException
 0001:00002BBC       @HandleFinally
 0001:00002A34       @HandleOnException
 0001:00005064       @InitExe
 0001:00003B80       @InitializeArray
 0001:00003B50       @InitializeRecord
 0001:00002FAC       @InitImports
 0001:00002F84       @InitResStringImports
 0001:00002F60       @InitResStrings
 0001:0000495C       @IntfAddRef
 0001:0000492C       @IntfCast
 0001:000048E8       @IntfClear
 0001:00004900       @IntfCopy
 0001:00002604       @IsClass
 0001:000022B0       @isNECWindows
 0001:00003690       @LStrAddRef
 0001:00003204       @LStrArrayClr
 0001:00003234       @LStrAsg
 0001:000034A8       @LStrCat
 0001:000034EC       @LStrCat3
 0001:00003560       @LStrCatN
 0001:000031E0       @LStrClr
 0001:000035EC       @LStrCmp
 0001:00003700       @LStrCopy
 0001:00003740       @LStrDelete
 0001:00003450       @LStrFromArray
 0001:000033C8       @LStrFromChar
 0001:000033D8       @LStrFromPChar
 0001:000032D0       @LStrFromPCharLen
 0001:00003408       @LStrFromPWChar
 0001:0000333C       @LStrFromPWCharLen
 0001:00003444       @LStrFromString
 0001:00003468       @LStrFromWStr
 0001:00003788       @LStrInsert
 0001:00003278       @LStrLAsg
 0001:000034A0       @LStrLen
 0001:000037E4       @LStrPos
 0001:0000382C       @LStrSetLength
 0001:000036A0       @LStrToPChar
 0001:0000347C       @LStrToString
 0001:000032A4       @NewAnsiString
 0001:00003898       @NewWideString
 0001:00001FC4       @Pow10
 0001:00001D90       @PStrCmp
 0001:00001D74       @PStrNCpy
 0001:00002C1C       @RaiseAgain
 0001:00002BF4       @RaiseExcept
 0001:00001A78       @ReallocMem
 0001:00001CA0       @ROUND
 0001:000031D4       @RunError
 0001:00001FA8       @SetEq
 0001:00002F20       @StartExe
 0001:0000029C       @strlen
 0001:00002CA0       @TryFinallyExit
 0001:000036F8       @UniqueStringA
 0001:00001EA4       @ValLong
 0001:0000F088       @VarAddRef
 0001:0000DC7C       @VarClear
 0001:0000DC90       @VarClr
 0001:00003C48       @VarClr
 0001:00003D58       @VarCopy
 0001:0000DFB8       @VarCopy
 0001:0000EFC0       @VarFromBool
 0001:0000F010       @VarFromCurr
 0001:0000EF58       @VarFromInt
 0001:0000EF94       @VarFromInt64
 0001:0000F024       @VarFromLStr
 0001:0000EFE8       @VarFromReal
 0001:0000EFFC       @VarFromTDateTime
 0001:0000F050       @VarFromWStr
 0001:0000D9E4       @VarNull
 0001:0000E2E4       @VarToLStr
 0001:0000EA04       @VarToWStr
 0001:000038D8       @WStrArrayClr
 0001:000038FC       @WStrAsg
 0001:000038C0       @WStrClr
 0001:00003A38       @WStrCmp
 0001:00003ABC       @WStrCopy
 0001:00003A0C       @WStrFromLStr
 0001:00003920       @WStrFromPCharLen
 0001:000039D0       @WStrFromPWChar
 0001:000039AC       @WStrFromPWCharLen
 0001:00003A2C       @WStrLen
 0001:00003B08       @WStrSetLength
 0001:00003A1C       @WStrToPWChar
 0001:00001F84       @_CLenToPasStr
 0001:00001F78       @_CToPasStr
 0001:00001BB4       @_IOTest
 0001:00003F88       @_llmul
 0001:0002A064       AbsMin
 0001:0000A9FC       AbstractErrorHandler
 0002:00002028       AbstractErrorProc
 0002:00000140       AccessMode
 0001:00001B14       AcquireExceptionObject
 0001:00012584       ActivateClassGroup
 0001:00005624       ActivateKeyboardLayout
 0002:00002B4C       ActiveDrag
 0001:0001026C       ActiveX
 0001:00038F94       ActnList
 0001:000003FC       AddBlockAfter
 0002:000003B4       AddDataModule
 0001:00006D1C       AddExitProc
 0001:00015644       AddFinished
 0001:0003C3E0       AddIn
 0001:00004740       AddModuleUnloadProc
 0001:00004750       AddModuleUnloadProc
 0001:0001567C       AddNotFinished
 0001:000160A0       AddSubComponentsToLoaded
 0001:0001D2A4       AdjustColor
 0001:0004345C       Adjustment
 0001:0000562C       AdjustWindowRectEx
 0002:00000C60       Alignments
 0002:00000C50       Alignments
 0001:0004A3A0       AlignWork
 0001:0002F634       AlignWork
 0001:00019794       AllocateHWnd
 0001:00024A90       AllocFilterStr
 0001:00006CC0       AllocMem
 0002:000025B0       AllocMemCount
 0002:000025B4       AllocMemSize
 0001:00020D14       AllocPatternBitmap
 0001:00004FC0       AllocTlsBuffer
 0002:00000A3C       AnchorAlign
 0002:00000A30       AnimateWindowProc
 0002:00000B38       AnimationStyle
 0001:00006EBC       AnsiCompareStr
 0001:00006EF4       AnsiCompareText
 0001:000074E4       AnsiLastChar
 0001:00005634       AnsiLower
 0001:0000B38C       AnsiPos
 0001:00040C68       AnsiSameCaption
 0001:00006F2C       AnsiSameText
 0001:00006F44       AnsiStrLIComp
 0001:0000B3C8       AnsiStrPos
 0001:0000B488       AnsiStrRScan
 0001:0000B4D0       AnsiStrScan
 0001:00004D5C       AnsiToUtf8
 0001:000089B4       AppendChars
 0001:00008D80       AppendFormat
 0001:00008A18       AppendNumber
 0001:000089F8       AppendString
 0002:00002BB0       Application
 0002:000003C4       ApplicationHandleException
 0002:000003CC       ApplicationShowException
 0002:00000D8C       AppVisible
 0001:0000A9E0       AssertErrorHandler
 0002:00002020       AssertErrorProc
 0001:0000FD04       AssignLongStr
 0001:000100A8       AssignVariant
 0002:00002608       avail
 0001:00007628       BackfillGetDiskFreeSpaceEx
 0001:0002CBD0       BackgroundClipped
 0001:0000C984       BackupVarBoolFromStr
 0001:0000CAE4       BackupVarBStrFromBool
 0001:0000CA04       BackupVarBStrFromCy
 0001:0000CA74       BackupVarBStrFromDate
 0001:0000C918       BackupVarCyFromStr
 0001:0000C8AC       BackupVarDateFromStr
 0001:0000C768       BackupVarI4FromStr
 0001:0000C714       BackupVariantChangeTypeEx
 0001:0000C7D4       BackupVarR4FromStr
 0001:0000C840       BackupVarR8FromStr
 0001:000128DC       BeginGlobalLoading
 0001:0000563C       BeginPaint
 0001:0001D2B0       BetterSize
 0001:0003D274       BiDiDraw
 0001:00005444       BitBlt
 0002:0000096C       BitBtnCaptions
 0002:00002A90       BitBtnGlyphs
 0002:000006D0       BitmapCanvasList
 0002:000028A8       BitmapImageLock
 0001:0000C750       BiUnimplemented
 0002:000003EC       BlockCode
 0002:000025E0       blockDescBlockList
 0002:000025E4       blockDescFreeList
 0002:000003A8       BooleanIdents
 0002:00000324       BooleanToStringRule
 0001:0000737C       BoolToStr
 0001:0000E06C       BoolToWStrViaOS
 0001:0001189C       Bounds
 0001:00005104       Bounds
 0002:00000BF8       Breaks
 0002:000028E0       BrushManager
 0001:0003FA48       BuildImage
 0002:000007C8       ButtonCaptions
 0002:0000079C       ButtonNames
 0001:00025BC0       Buttons
 0002:00000C74       Buttons
 0001:0001CA7C       BytesPerScanline
 0001:0001CDE0       ByteSwapColors
 0001:0000B0B8       ByteToCharIndex
 0001:0000B090       ByteToCharLen
 0001:0000B054       ByteType
 0001:0000AFDC       ByteTypeTest
 0002:00002B98       CachedComCtrlVer
 0001:000196D0       CalcJmpOffset
 0001:0003701C       CalcSplitterPos
 0001:00005644       CallNextHookEx
 0001:0000BBA8       CallTerminateProcs
 0001:0000564C       CallWindowProc
 0001:0002B0B0       CancelDrag
 0002:000028E4       CanvasList
 0002:00002B60       CanvasList
 0002:00000788       Captions
 0002:00000AF4       CaptureControl
 0002:00000B98       cBooleanToItemAutoFlag
 0001:000243A0       CenterWindow
 0002:00002A7E       CF_COMPONENT
 0002:00002A7C       CF_PICTURE
 0002:00002814       ChangeAnyProc
 0001:00003300       CharFromWChar
 0001:0000B29C       CharLength
 0001:00005654       CharNext
 0001:0000021C       CharNext
 0001:0001B400       CharsetToIdent
 0001:0000B1A4       CharToByteIndex
 0001:0000B208       CharToByteLen
 0001:0000565C       CharToOemA
 0001:0001D86C       CheckBool
 0001:00002884       CheckJmp
 0001:00005664       CheckMenuItem
 0002:00000BE8       Checks
 0001:000160DC       CheckSubComponents
 0001:000184A8       CheckSynchronize
 0001:00042E98       CheckTaskWindow
 0001:0002AD64       CheckUndock
 0001:0000AED0       CheckWin32Version
 0001:0000544C       ChoosePixelFormat
 0002:00000328       CInvalidCustomVariantType
 0002:00000B9C       cItemAutoFlagToBoolean
 0002:00000B94       cItemAutoFlagToMenu
 0001:00019920       Classes
 0001:00012348       ClassNotFound
 0002:00002810       ClearAnyProc
 0001:0001AC80       ClearColor
 0001:0000F3C4       ClearVariantTypeList
 0001:0000566C       ClientToScreen
 0001:000345B4       ClientToWindow
 0002:000006C8       ClipboardFormats
 0001:00025A60       Clipbrd
 0001:0000523C       CloseHandle
 0002:0000297C       CloseThemeData
 0002:0000203C       CmdLine
 0002:00002038       CmdShow
 0002:00000B90       cMenuAutoFlagToItem
 0001:0000C75C       CmpUnimplemented
 0002:00000448       Colors
 0001:0001B1F8       ColorToIdent
 0002:000007F4       ColorToPretyName
 0001:0001B1E8       ColorToRGB
 0002:00002AE8       ComCtlVersion
 0001:00025F64       ComCtrls
 0002:00002BAC       CommandPool
 0001:00021308       CommCtrl
 0001:00023BC0       CommDlg
 0001:0000077C       Commit
 0002:00002624       committedRoot
 0001:0003B9C4       CompareFront
 0001:00006E24       CompareMem
 0001:00006DF4       CompareStr
 0001:00005244       CompareString
 0001:00006E44       CompareText
 0001:000072A4       CompareWith
 0001:000161BC       ComponentCreated
 0001:00025A1C       ComStrs
 0001:00019C3C       Consts
 0001:00021214       Contnrs
 0002:00002B1E       ControlAtom
 0002:00002B24       ControlAtomString
 0001:00047C44       ControlHasHelp
 0001:00037C9C       Controls
 0001:0000A42C       ConvertAddr
 0001:00008B0C       ConvertEraString
 0001:00006C9C       ConvertErrorFmt
 0001:00008C78       ConvertYearString
 0001:00003FBC       CopyArray
 0001:0001E344       CopyBitmap
 0001:0001EA0C       CopyBitmapAsMask
 0001:0001E9A8       CopyPalette
 0002:000009CC       Copyright
 0001:0003EAF4       CopyToBest
 0001:0000B114       CountChars
 0002:000028C0       CounterLock
 0002:0000032C       CRangeToType
 0001:0000A924       CreateAssertException
 0001:0000AAAC       CreateAVObject
 0001:00005454       CreateBitmap
 0001:0000545C       CreateBrushIndirect
 0001:00005464       CreateCompatibleBitmap
 0001:0000546C       CreateCompatibleDC
 0001:0001623C       CreateComponent
 0001:0000547C       CreateDIBitmap
 0001:00005474       CreateDIBSection
 0001:0000524C       CreateEvent
 0001:00005254       CreateFile
 0001:00005484       CreateFontIndirect
 0001:0000548C       CreateHalftonePalette
 0001:00005674       CreateIcon
 0001:0000A850       CreateInOutError
 0001:0000567C       CreateMenu
 0001:00005494       CreatePalette
 0001:0000549C       CreatePenIndirect
 0001:00005684       CreatePopupMenu
 0001:000054A4       CreateSolidBrush
 0001:0001CE38       CreateSystemPalette
 0001:0000525C       CreateThread
 0001:00005C04       CreateWindow
 0001:00005BAC       CreateWindowEx
 0002:00000A34       CreationControl
 0002:00000724       CreationControl
 0002:00000394       CRelationshipToBoolean
 0002:00000310       CResult
 0002:00000138       cSimpleBoolStrs
 0002:00000340       CText
 0002:00000B30       Ctl3DStyles
 0002:0000261C       curAlloc
 0002:00002688       CurrencyDecimals
 0002:00002684       CurrencyFormat
 0002:00002680       CurrencyString
 0001:000089A0       CurrentYear
 0001:0000852C       CurrToStr
 0001:0000DFFC       CurrToWStrViaOS
 0002:00000D10       CursorMap
 0002:00000A44       Cursors
 0001:00029934       CursorToIdent
 0002:00000D00       cUseAlpha
 0002:00000D08       cUseColorKey
 0001:00007018       CvtInt
 0001:00007084       CvtInt64
 0002:00000178       CWNear
 0002:00002689       DateSeparator
 0001:000095B4       DateTimeToStr
 0001:00009558       DateTimeToString
 0001:000085EC       DateTimeToTimeStamp
 0001:0000E034       DateToWStrViaOS
 0001:00008978       DayOfWeek
 0002:00000174       DCon10
 0002:00000444       DDBsOnly
 0001:00019848       DeallocateHWnd
 0002:00000028       DebugHook
 0002:00002687       DecimalSeparator
 0001:00008958       DecodeDate
 0001:00008808       DecodeDateFully
 0001:000086A0       DecodeTime
 0001:0000083C       Decommit
 0001:00000F68       DecommitFree
 0002:000025F8       decommittedRoot
 0001:0004AFDC       Default
 0001:000458C4       Default
 0002:00000020       Default8087CW
 0002:00000A38       DefaultDockTreeClass
 0002:000025BC       DefaultUserCodePage
 0002:00000698       DefBrushData
 0002:00000418       DefFontData
 0001:0000568C       DefFrameProc
 0002:00000204       DefLongDayNames
 0002:000001B8       DefLongMonthNames
 0001:00005694       DefMDIChildProc
 0002:00000678       DefPenData
 0002:000001E8       DefShortDayNames
 0002:00000188       DefShortMonthNames
 0001:0000569C       DefWindowProc
 0001:00004228       DelayLoadResourceModule
 0001:00000458       DeleteBlock
 0001:00000368       DeleteCriticalSection
 0001:00005264       DeleteCriticalSection
 0001:000054AC       DeleteDC
 0001:00000D50       DeleteFree
 0001:000056A4       DeleteMenu
 0001:000054B4       DeleteObject
 0001:0001DF00       DeselectBitmap
 0001:000056AC       DestroyCursor
 0001:000056B4       DestroyIcon
 0001:00025AF0       DestroyLocals
 0001:000056BC       DestroyMenu
 0001:000056C4       DestroyWindow
 0001:000274EC       DialogEnumerationTester
 0001:00024454       DialogHook
 0001:00025358       Dialogs
 0002:000006D4       DIBPalSizes
 0002:0000008C       dig
 0001:00042CD4       DisableTaskWindows
 0001:000056CC       DispatchMessage
 0001:00048F24       DispatchShortCut
 0002:00002000       DispCallByIDProc
 0001:00006C80       DivMod
 0001:00023BF8       Dlgs
 0001:0004A254       DoAlign
 0001:0002F4C4       DoAlign
 0001:00033470       DoCalcConstraints
 0002:00002B54       DockSiteList
 0001:0003F714       DoClick
 0001:00030BA4       DoControlMsg
 0001:00042C84       DoDisableWindow
 0001:0002A684       DoDragOver
 0001:00006CE0       DoExitProc
 0001:000352CC       DoFindControlZone
 0001:00042DD8       DoFindWindow
 0001:00035858       DoFindZone
 0001:00035350       DoForEach
 0001:00036C80       DoGetNextLimit
 0001:00042C4C       DoneApplication
 0001:000379E0       DoneControls
 0001:0000ADE0       DoneExceptions
 0001:000472A0       DoNestedActivation
 0001:00018468       DoneThreadSynchronization
 0001:0004C388       DoOnHelp
 0001:0004A0A4       DoPosition
 0001:0002F084       DoPosition
 0001:000362A8       DoPrune
 0001:00036780       DoSaveZone
 0001:00036984       DoSetNewBounds
 0002:000003B0       DotSep
 0001:0001DAC4       DoWrite
 0001:00013710       DoWrite
 0001:0003A024       DoWrite
 0001:0003018C       DoWriteDesignSize
 0001:0002DCD8       DoWriteIsControl
 0002:00002B38       DragCapture
 0002:00002B2C       DragControl
 0001:0002ADD8       DragDone
 0001:0002A62C       DragFindTarget
 0001:0002A600       DragFindWindow
 0002:00002B50       DragImageList
 0001:0002AA30       DragInit
 0001:0002ABA0       DragInitControl
 0002:00002B34       DragInternalObject
 0001:0002A548       DragMessage
 0002:00002B30       DragObject
 0002:00002B5C       DragSave
 0002:00002B44       DragSaveCursor
 0002:00002B3C       DragStartPos
 0002:00002B48       DragThreshold
 0001:0002A760       DragTo
 0001:0004B018       DrawAppIcon
 0001:00035E14       DrawCloseButton
 0001:000056D4       DrawEdge
 0001:000056DC       DrawFrameControl
 0001:00035E6C       DrawGrabberLine
 0001:000056E4       DrawIcon
 0001:000056EC       DrawIconEx
 0002:00000B6C       DrawingStyles
 0001:000056F4       DrawMenuBar
 0001:00040A84       DrawMenuItem
 0001:000056FC       DrawText
 0002:00002980       DrawThemeBackground
 0002:000029A4       DrawThemeEdge
 0002:000029A8       DrawThemeIcon
 0002:00002A2C       DrawThemeParentBackground
 0002:00002984       DrawThemeText
 0001:0001C8FC       DupBits
 0001:00003FD4       DynArrayClear
 0001:00003FDC       DynArraySetLength
 0002:00000C58       EdgeStyle
 0002:00000B20       EdgeStyles
 0001:0000A824       EHeapException.FreeInstance
 0002:000027FC       EmptyParam
 0002:000000BC       EmptyStr
 0002:000000C0       EmptyWideStr
 0001:00005704       EnableMenuItem
 0002:00000BF0       Enables
 0001:0000570C       EnableScrollBar
 0001:00042D88       EnableTaskWindows
 0002:00002A14       EnableThemeDialogTexture
 0002:00002A30       EnableTheming
 0001:00005714       EnableWindow
 0001:00012964       EndGlobalLoading
 0001:0000571C       EndPaint
 0001:00000358       EnterCriticalSection
 0001:0000526C       EnterCriticalSection
 0001:00005274       EnumCalendarInfoA
 0002:00002914       EnumDisplayMonitors
 0001:0000A0A0       EnumEraNames
 0001:0000A0DC       EnumEraYearOffsets
 0001:00045E88       EnumMonitorsProc
 0001:00005724       EnumThreadWindows
 0001:000159EC       EnumValue
 0001:0000572C       EnumWindows
 0001:00005734       EqualRect
 0002:00002750       EraNames
 0001:0000982C       EraToYear
 0002:0000276C       EraYearOffsets
 0002:00000064       errCaption
 0001:000151D0       Error
 0001:00001BA8       Error
 0001:0003B714       Error
 0001:00011EEC       Error
 0002:00000004       ErrorAddr
 0001:00001B5C       ErrorAt
 0001:0000A8D0       ErrorHandler
 0002:00000220       ErrorMap
 0002:00002008       ErrorProc
 0002:000023E4       ErrOutput
 0001:00001AE8       ExceptAddr
 0002:0000200C       ExceptClsProc
 0001:0000AD4C       ExceptHandler
 0001:0000A698       Exception.Create
 0001:0000A6D4       Exception.CreateFmt
 0001:0000A754       Exception.CreateRes
 0001:0000A790       Exception.CreateResFmt
 0002:0000201C       ExceptionClass
 0001:0000A438       ExceptionErrorMessage
 0002:00000258       ExceptMap
 0001:00001AC8       ExceptObject
 0002:00002010       ExceptObjProc
 0002:00002004       ExceptProc
 0001:000054BC       ExcludeClipRect
 0002:00000000       ExitCode
 0001:0000302C       ExitDll
 0002:00002044       ExitProc
 0001:00000224       ExitProcess
 0002:00002024       ExitProcessProc
 0002:00000134       ExitProcList
 0001:000075EC       ExpandFileName
 0001:0002472C       ExplorerHook
 0001:00025DAC       ExtActns
 0001:000259BC       ExtCtrls
 0001:00025C18       ExtDlgs
 0001:000075A4       ExtractFileExt
 0001:00024DA4       ExtractFileName
 0001:0000756C       ExtractFileName
 0001:00024DEC       ExtractFileNames
 0002:0000278C       FalseBoolStrs
 0002:00002A84       FClipboard
 0002:00000168       FCon1E18
 0001:000074DC       FileClose
 0001:00007444       FileCreate
 0001:00007420       FileCreate
 0002:000006CC       FileFormats
 0002:00000008       FileMode
 0001:000073C8       FileOpen
 0001:0000744C       FileRead
 0002:000003DC       FilerSignature
 0001:000074A4       FileSeek
 0001:00007478       FileWrite
 0001:00000E88       FillAfterGap
 0001:00000E28       FillBeforeGap
 0001:00000F28       FillerSizeAfterGap
 0001:00000EB0       FillerSizeBeforeGap
 0001:0000573C       FillRect
 0001:0000609C       Finalization
 0001:00005D8C       Finalization
 0001:00005D54       Finalization
 0001:0000C4F4       Finalization
 0001:0000CEB0       Finalization
 0001:0000F810       Finalization
 0001:0000FA1C       Finalization
 0001:000101E4       Finalization
 0001:0001023C       Finalization
 0001:00019870       Finalization
 0001:00019C0C       Finalization
 0001:00020D4C       Finalization
 0001:00020F2C       Finalization
 0001:000212D8       Finalization
 0001:00021A58       Finalization
 0001:00021A98       Finalization
 0001:00022A80       Finalization
 0001:00022AC8       Finalization
 0001:00022B00       Finalization
 0001:00022E24       Finalization
 0001:00022FD0       Finalization
 0001:00023954       Finalization
 0001:000239C4       Finalization
 0001:000239FC       Finalization
 0001:00023A34       Finalization
 0001:00005120       Finalization
 0001:00023A6C       Finalization
 0001:00023AA4       Finalization
 0001:000050A8       Finalization
 0001:00023ADC       Finalization
 0001:00023B48       Finalization
 0001:00023B90       Finalization
 0001:00023BC8       Finalization
 0001:00004E78       Finalization
 0001:000252FC       Finalization
 0001:00025974       Finalization
 0001:000259EC       Finalization
 0001:00025A24       Finalization
 0001:00025AB8       Finalization
 0001:00025B88       Finalization
 0001:00025BE8       Finalization
 0001:00025C38       Finalization
 0001:00025CA0       Finalization
 0001:00025D04       Finalization
 0001:00025D5C       Finalization
 0001:00025DB4       Finalization
 0001:00025EEC       Finalization
 0001:0002692C       Finalization
 0001:00026978       Finalization
 0001:00026AE0       Finalization
 0001:00027764       Finalization
 0001:00037C34       Finalization
 0001:00038F64       Finalization
 0001:0003A774       Finalization
 0001:00040D64       Finalization
 0001:0004D38C       Finalization
 0001:0004D47C       Finalization
 0001:0004DB2C       Finalization
 0001:0004DB64       Finalization
 0001:000211E4       Finalization
 0001:00003FCC       FinalizeArray
 0001:00002E40       FinalizeUnits
 0001:0003F4D4       Find
 0001:000042B8       FindBS
 0001:00012408       FindClass
 0001:00004220       FindClassHInstance
 0001:00000234       FindClose
 0001:00000DE4       FindCommitted
 0001:00029714       FindControl
 0001:00035A84       FindControlAtPos
 0001:0000F720       FindCustomVariantType
 0001:0000F668       FindCustomVariantType
 0001:0002B0FC       FindDragTarget
 0001:000163EC       FindExistingComponent
 0001:0000023C       FindFirstFile
 0001:00042EE4       FindGlobalComponent
 0001:000127F4       FindGlobalComponent
 0002:00002860       FindGlobalComponentProcs
 0001:000041F8       FindHInstance
 0001:0001269C       FindIdentToInt
 0002:00002A70       FindMsg
 0001:0001557C       FindNestedComponent
 0001:0003B6DC       FindPopupControl
 0001:0000CB78       FindProc
 0001:0000527C       FindResource
 0001:00004270       FindResourceHInstance
 0001:0004CBBC       FindScanline
 0001:00042E3C       FindTopMostWindow
 0001:000172D0       FindUniqueName
 0001:0002B0C8       FindVCLWindow
 0001:00005744       FindWindow
 0001:00027544       FindWinHelp
 0001:0001E2F8       FixupBitFields
 0002:00000C68       Flags
 0002:0000279C       FLanguages
 0001:00022E54       FlatSB
 0002:00002940       FlatSB_EnableScrollBar
 0002:0000294C       FlatSB_GetScrollInfo
 0002:00002950       FlatSB_GetScrollPos
 0002:00002948       FlatSB_GetScrollRange
 0002:00002958       FlatSB_SetScrollInfo
 0002:00002954       FlatSB_SetScrollPos
 0001:00022B44       FlatSB_SetScrollProp
 0002:0000295C       FlatSB_SetScrollRange
 0002:00002944       FlatSB_ShowScrollBar
 0001:000081BC       FloatToDecimal
 0001:000084FC       FloatToStr
 0001:00007EE8       FloatToText
 0001:00001D10       Flush
 0002:0000017C       FMSecsPerDay
 0001:00007DDC       FmtStr
 0002:00000C84       FocusCount
 0002:00000C80       FocusMessages
 0002:000005E8       FontCharsets
 0002:000028D8       FontManager
 0002:00000720       ForceCurrentDirectory
 0001:00042EB8       ForegroundTask
 0002:00002BD4       Form1
 0001:00007DC8       Format
 0002:00000184       Format
 0001:000079B8       FormatBuf
 0001:000079AC       FormatClearStr
 0001:00007930       FormatError
 0002:00000160       FormatErrorStrs
 0001:00005284       FormatMessage
 0001:00007988       FormatVarToStr
 0001:0004D3E8       Forms
 0001:00001FBC       FPower10
 0002:0000071C       FPrinter
 0001:0000574C       FrameRect
 0001:0000C0D4       FreeAndNil
 0001:00000AE4       FreeCommitted
 0001:0000111C       FreeCurAlloc
 0001:0002B1BC       FreeDeviceContext
 0001:0002B278       FreeDeviceContexts
 0001:0001963C       FreeIntConstList
 0001:0000528C       FreeLibrary
 0001:00000244       FreeLibrary
 0001:0001DE54       FreeMemoryContexts
 0001:00019770       FreeObjectInstance
 0001:0000529C       FreeResource
 0001:000006B4       FreeSpace
 0001:0000BBD4       FreeTerminateProcs
 0001:00023008       FreeThemeLibrary
 0002:00002AE4       FRichEditModule
 0001:0001C8EC       GDICheck
 0001:0001C844       GDIError
 0001:00001C98       Get8087CW
 0001:000052A4       GetACP
 0001:00005754       GetActiveWindow
 0001:0004A730       GetAnimation
 0001:000054C4       GetBitmapBits
 0001:00000370       GetBlockDesc
 0001:000054CC       GetBrushOrgEx
 0001:0000575C       GetCapture
 0001:000299DC       GetCaptureControl
 0001:000123B4       GetClass
 0001:00005764       GetClassInfo
 0001:0000576C       GetClassName
 0001:00005774       GetClientRect
 0001:000054D4       GetClipBox
 0001:0000030C       GetCmdShow
 0001:00039134       GetColor
 0001:00025E8C       GetComCtlVersion
 0001:0000024C       GetCommandLine
 0001:000008F8       GetCommitted
 0001:000009A0       GetCommittedAt
 0001:00030758       GetControlAtPos
 0001:00008A64       GetCount
 0001:000052AC       GetCPInfo
 0001:000054DC       GetCurrentPositionEx
 0001:000052B4       GetCurrentProcessId
 0002:00002A24       GetCurrentThemeName
 0001:000002FC       GetCurrentThreadId
 0001:000052BC       GetCurrentThreadId
 0001:00005B18       GetCurrentTime
 0001:0000577C       GetCursor
 0001:0004CBCC       GetCursorHeightMargin
 0001:00005784       GetCursorPos
 0001:00008A94       GetDate
 0001:000052C4       GetDateFormat
 0001:00009744       GetDateOrder
 0001:0000578C       GetDC
 0001:00005794       GetDCEx
 0001:000054E4       GetDCOrgEx
 0001:00020954       GetDefFontCharSet
 0001:0000579C       GetDesktopWindow
 0001:000054FC       GetDeviceCaps
 0001:0001D854       GetDIB
 0001:000054EC       GetDIBColorTable
 0001:000054F4       GetDIBits
 0001:0001D79C       GetDIBSizes
 0001:0001CA5C       GetDInColors
 0001:000052CC       GetDiskFreeSpaceA
 0002:00000130       GetDiskFreeSpaceEx
 0001:000057A4       GetDlgItem
 0001:00036D60       GetDockAlign
 0001:0002A38C       GetDockSiteAtPos
 0001:0002A6C0       GetDropCtl
 0001:00002644       GetDynaMethod
 0001:0000FA8C       GetEnumNameValue
 0001:0000FAD8       GetEnumValue
 0001:0000A154       GetEraNamesAndYearOffsets
 0001:000097D8       GetEraYearOffset
 0001:0000AA94       GetExceptionClass
 0001:0000AC80       GetExceptionObject
 0001:0001233C       GetFieldClassTable
 0001:0000AEF0       GetFileVersion
 0001:0000542C       GetFileVersionInfo
 0001:00005434       GetFileVersionInfoSize
 0001:000057AC       GetFocus
 0001:0001B420       GetFontData
 0001:000057B4       GetForegroundWindow
 0001:0000B77C       GetFormatSettings
 0001:000052D4       GetFullPathName
 0001:0001A968       GetHashCode
 0001:00047C7C       GetHelpInfo
 0001:00021F18       GetHelpSystem
 0001:0004A514       GetHint
 0001:0004A54C       GetHintControl
 0001:00040C04       GetHotkey
 0001:000057BC       GetIconInfo
 0001:000057D4       GetKeyboardLayout
 0001:000057DC       GetKeyboardLayoutList
 0001:000057E4       GetKeyboardState
 0001:000022A8       GetKeyboardType
 0001:000057C4       GetKeyNameText
 0001:000057CC       GetKeyState
 0001:000057EC       GetLastActivePopup
 0001:00035000       GetLastChildZone
 0001:000052DC       GetLastError
 0001:00009F18       GetLocaleChar
 0001:000052EC       GetLocaleInfo
 0001:00000254       GetLocaleInfo
 0001:00009ECC       GetLocaleStr
 0001:000052E4       GetLocalTime
 0001:00029998       GetLongHint
 0001:000057F4       GetMenu
 0001:00047C04       GetMenuHelpContext
 0001:000057FC       GetMenuItemCount
 0001:00005804       GetMenuItemID
 0001:0000580C       GetMenuItemInfo
 0001:0003DD20       GetMenuSize
 0001:00005814       GetMenuState
 0001:0000581C       GetMenuString
 0001:0000025C       GetModuleFileName
 0001:000052F4       GetModuleFileName
 0001:000052FC       GetModuleHandle
 0001:00000264       GetModuleHandle
 0001:00004FA0       GetModuleHandle
 0002:00002908       GetMonitorInfo
 0002:0000290C       GetMonitorInfoA
 0002:00002910       GetMonitorInfoW
 0001:00009F7C       GetMonthDayNames
 0001:00005824       GetNextWindow
 0001:00005504       GetObject
 0001:00023B80       GetOpenFileName
 0001:0000FBAC       GetOrdProp
 0001:0000550C       GetPaletteEntries
 0001:0000582C       GetParent
 0001:000430B0       GetParentForm
 0001:00005514       GetPixel
 0001:0000026C       GetProcAddress
 0001:00005304       GetProcAddress
 0001:00005834       GetProp
 0001:0000FB3C       GetPropInfo
 0001:00043570       GetRealScrollPosition
 0001:00039114       GetRGBColor
 0001:00023B88       GetSaveFileName
 0001:0000583C       GetScrollInfo
 0001:00005844       GetScrollPos
 0001:0000584C       GetScrollRange
 0001:00029954       GetShortHint
 0001:000005D8       GetSpace
 0001:0000063C       GetSpaceAt
 0001:0003B76C       GetSpecialName
 0001:00000274       GetStartupInfo
 0001:0000530C       GetStdHandle
 0001:000001F4       GetStdHandle
 0001:0000551C       GetStockObject
 0001:00005314       GetStringTypeEx
 0001:00005854       GetSubMenu
 0001:0000585C       GetSysColor
 0001:00005864       GetSysColorBrush
 0001:0000531C       GetSystemInfo
 0001:0000586C       GetSystemMenu
 0001:00005874       GetSystemMetrics
 0002:000028F8       GetSystemMetrics
 0001:00005524       GetSystemPaletteEntries
 0001:0000552C       GetTextExtentPoint32
 0001:00005534       GetTextMetrics
 0002:00002A1C       GetThemeAppProperties
 0002:00002988       GetThemeBackgroundContentRect
 0002:0000298C       GetThemeBackgroundExtent
 0002:0000299C       GetThemeBackgroundRegion
 0002:000029C0       GetThemeBool
 0002:000029B4       GetThemeColor
 0002:00002A28       GetThemeDocumentationProperty
 0002:000029C8       GetThemeEnumValue
 0002:000029E8       GetThemeFilename
 0002:000029D0       GetThemeFont
 0002:000029C4       GetThemeInt
 0002:000029DC       GetThemeIntList
 0002:000029D8       GetThemeMargins
 0002:000029B8       GetThemeMetric
 0002:00002990       GetThemePartSize
 0002:000029CC       GetThemePosition
 0002:000029E0       GetThemePropertyOrigin
 0002:000029D4       GetThemeRect
 0002:000029BC       GetThemeString
 0002:000029F4       GetThemeSysBool
 0002:000029EC       GetThemeSysColor
 0002:000029F0       GetThemeSysColorBrush
 0002:000029FC       GetThemeSysFont
 0002:00002A04       GetThemeSysInt
 0002:000029F8       GetThemeSysSize
 0002:00002A00       GetThemeSysString
 0002:00002994       GetThemeTextExtent
 0002:00002998       GetThemeTextMetrics
 0001:00005324       GetThreadLocale
 0001:0000027C       GetThreadLocale
 0001:0000532C       GetTickCount
 0001:00008ACC       GetTime
 0001:00004FCC       GetTlsSize
 0001:0004ACF4       GetTopMostWindows
 0001:00029AE8       GetTopParent
 0001:0000587C       GetTopWindow
 0001:0000FA80       GetTypeData
 0001:00000304       GetVersion
 0001:00005334       GetVersion
 0001:0000533C       GetVersionEx
 0001:00005884       GetWindow
 0001:0000588C       GetWindowDC
 0001:00005894       GetWindowLong
 0001:0000553C       GetWindowOrgEx
 0001:0000589C       GetWindowPlacement
 0001:000058A4       GetWindowRect
 0001:000058AC       GetWindowText
 0002:00002A10       GetWindowTheme
 0001:000058B4       GetWindowThreadProcessId
 0001:000058BC       GetWindowThreadProcessId
 0001:0004D42C       glBegin
 0001:0004D434       glClear
 0001:0004D43C       glColor3f
 0001:0004D444       glEnd
 0001:0004D44C       glFlush
 0001:0004D454       glLoadIdentity
 0001:0004D45C       glMatrixMode
 0001:00005344       GlobalAddAtom
 0001:0000534C       GlobalAlloc
 0001:00005B24       GlobalAllocPtr
 0001:00005354       GlobalDeleteAtom
 0001:0000535C       GlobalFindAtom
 0002:00002864       GlobalFixupList
 0001:000156C4       GlobalFixupReferences
 0001:00005364       GlobalFree
 0001:00005B50       GlobalFreePtr
 0001:00005374       GlobalHandle
 0001:0000536C       GlobalLock
 0002:00002848       GlobalNameSpace
 0001:0000537C       GlobalReAlloc
 0001:00005B34       GlobalReAllocPtr
 0001:00005384       GlobalUnlock
 0001:0004D464       glOrtho
 0001:0004D46C       glVertex3f
 0001:0004D474       glViewport
 0001:00020E20       Graphics
 0001:00012530       GroupDescendentsWith
 0001:00047E84       HandleEdge
 0001:00016B28       HandleException
 0002:00000024       HeapAllocFlags
 0002:000025C4       heapErrorCode
 0002:000025C8       heapLock
 0001:00022AC0       HelpIntfs
 0002:00002934       HelpManager
 0002:00002A6C       HelpMsg
 0002:00002B08       HelpViewer
 0002:00002B0C       HelpViewerIntf
 0002:0000012C       HexDisplayPrefix
 0001:00036DDC       HideZone
 0002:00002664       HInstance
 0002:00002BC4       HintDoneEvent
 0001:0004A61C       HintGetMsgHook
 0002:00002BC8       HintHook
 0001:0004A5C0       HintMouseThread
 0002:00002BCC       HintThread
 0002:00002BC0       HintThreadID
 0001:0004A56C       HintTimerProc
 0002:00000C78       HintWindowClass
 0002:000029A0       HitTestThemeBackground
 0001:0004A660       HookHintHooks
 0001:00005C5C       HwndMSWheel
 0002:00000C0C       IBreaks
 0002:00000C18       IChecks
 0002:00000C20       IDefaults
 0001:0001B410       IdentToCharset
 0001:0001B208       IdentToColor
 0001:00029944       IdentToCursor
 0001:00012718       IdentToInt
 0002:00000C28       IEnables
 0001:0003EAC4       IfHotkeyAvailable
 0002:00002B9C       ImageListWriteExProc
 0001:00021234       ImageList_Add
 0001:00021254       ImageList_AddIcon
 0001:00021278       ImageList_BeginDrag
 0001:0002121C       ImageList_Create
 0001:00021224       ImageList_Destroy
 0001:00021288       ImageList_DragEnter
 0001:00021290       ImageList_DragLeave
 0001:00021298       ImageList_DragMove
 0001:000212A8       ImageList_DragShowNolock
 0001:00021260       ImageList_Draw
 0001:00021268       ImageList_DrawEx
 0001:00021280       ImageList_EndDrag
 0001:0002124C       ImageList_GetBkColor
 0001:000212B0       ImageList_GetDragImage
 0001:000212C8       ImageList_GetIconSize
 0001:0002122C       ImageList_GetImageCount
 0001:000212B8       ImageList_Read
 0001:00021270       ImageList_Remove
 0001:0002123C       ImageList_ReplaceIcon
 0001:00021244       ImageList_SetBkColor
 0001:000212A0       ImageList_SetDragCursorImage
 0001:000212D0       ImageList_SetIconSize
 0001:000212C0       ImageList_Write
 0002:00000B7C       Images
 0001:0003A7A4       ImgList
 0001:00021AC8       Imm
 0002:00000B60       IMM32DLL
 0001:000379CC       Imm32IsIME
 0002:00000180       IMSecsPerDay
 0001:0000DC98       InBounds
 0001:0000D9F8       InBounds
 0001:0000DCC8       Increment
 0001:0000DA28       Increment
 0001:000058C4       InflateRect
 0001:00025C80       IniFiles
 0001:00000B78       InitAllocator
 0001:00021310       InitAnApi
 0002:00002920       InitApis
 0001:000129C0       InitComponent
 0002:00002634       InitContext
 0001:00037A68       InitControls
 0001:00020998       InitDefFontData
 0001:0000BC00       InitDriveSpacePtr
 0001:0000AD5C       InitExceptions
 0001:00022BA0       InitFlatSB
 0001:000251A8       InitGlobals
 0001:0001D654       InitializeBitmapInfoHeader
 0001:0000538C       InitializeCriticalSection
 0001:00000350       InitializeCriticalSection
 0002:000025C0       initialized
 0001:00022B78       InitializeFlatSB
 0001:00005058       InitializeModule
 0001:0000CBA4       InitializeVarUtils
 0001:0003766C       InitIMM32
 0001:00012A68       InitInheritedComponent
 0001:0000B58C       InitLeadBytes
 0001:000219EC       InitMultiMonStubs
 0001:0000AE60       InitPlatformId
 0002:00002040       InitProc
 0001:0004D300       InitProcs
 0001:0002091C       InitScreenLogPixels
 0001:0000B604       InitSysLocale
 0001:000231C8       InitThemeLibrary
 0001:00018434       InitThreadSynchronization
 0001:00004FD4       InitThreadTLS
 0001:00002EB0       InitUnits
 0001:00029628       InitWndProc
 0002:00000B00       InnerStyles
 0002:0000204C       Input
 0001:0004A044       InsertBefore
 0001:0002EFF8       InsertBefore
 0001:00001024       InsertFree
 0001:0003EB78       InsertHotkeyFarEastFormat
 0001:000058CC       InsertMenu
 0001:000058D4       InsertMenuItem
 0002:00002880       InstBlockList
 0002:00002884       InstFreeList
 0002:00002858       IntConstList
 0001:000002F4       InterlockedDecrement
 0001:0000BC68       InterlockedDecrement
 0001:0000BC74       InterlockedExchange
 0001:00005294       InterlockedExchange
 0001:0000BC7C       InterlockedExchangeAdd
 0001:000002EC       InterlockedIncrement
 0001:0000BC5C       InterlockedIncrement
 0001:0001A8F4       InternalDeletePalette
 0001:00001CC8       InternalFlush
 0001:00000E64       InternalFreeMem
 0001:0001D7A4       InternalGetDIB
 0001:0001D738       InternalGetDIBSizes
 0001:00012858       InternalReadComponentRes
 0002:00002AF0       InternalServices
 0001:000036AC       InternalUniqueString
 0001:00005544       IntersectClipRect
 0001:000058DC       IntersectRect
 0001:00007178       IntToHex
 0001:00012758       IntToIdent
 0001:00007064       IntToStr
 0001:00007150       IntToStr
 0001:000058E4       InvalidateRect
 0001:0001C7D8       InvalidBitmap
 0001:0001C7C0       InvalidGraphic
 0001:0001C7E4       InvalidIcon
 0001:0001C7A8       InvalidOperation
 0001:000118C4       InvalidPoint
 0002:00002798       InvalidPointer
 0001:000024F0       InvokeImplGetter
 0001:00001C28       IOResult
 0002:00000C48       IOwnerDraw
 0002:00000C30       IRadios
 0002:00000C40       IRTL
 0001:00043040       IsAccel
 0001:0003FD58       IsAccelChar
 0002:00002A0C       IsAppThemed
 0001:0002A144       IsBeforeTargetWindow
 0001:000058EC       IsChild
 0002:00002048       IsConsole
 0001:0000B348       IsDelimiter
 0001:0002A5A0       IsDelphiHandle
 0001:000058F4       IsDialogMessage
 0002:00000C38       ISeparators
 0001:000058FC       IsIconic
 0001:0003FDB4       IsInitialChar
 0001:000086FC       IsLeapYear
 0002:00002034       IsLibrary
 0002:00002049       IsMultiThread
 0001:00034A3C       IsOrientationSet
 0001:0000B314       IsPathDelimiter
 0001:00005904       IsRectEmpty
 0001:0002A348       IsSiteChildOfClient
 0002:00002A08       IsThemeActive
 0002:000029B0       IsThemeBackgroundPartiallyTransparent
 0002:00002A18       IsThemeDialogTextureEnabled
 0002:000029AC       IsThemePartDefined
 0001:00012834       IsUniqueGlobalComponentName
 0002:0000284C       IsUniqueGlobalComponentNameProc
 0001:00006FB4       IsValidIdent
 0001:0000B5EC       IsWesternGroup
 0001:0000590C       IsWindow
 0001:00005914       IsWindowEnabled
 0001:0000591C       IsWindowVisible
 0001:00005924       IsZoomed
 0001:0003BB38       Iterate
 0001:0003BB98       IterateMenus
 0002:0000002C       JITEnable
 0001:00042FF4       KeyboardStateToShiftState
 0001:00042FB8       KeyDataToShiftState
 0001:00042F64       KeysToShiftState
 0001:0000592C       KillTimer
 0001:0000751C       LastDelimiter
 0001:0000B518       LCIDToCodePage
 0001:00004E04       LCIDToCodePage
 0002:0000010C       LeadBytes
 0001:00005394       LeaveCriticalSection
 0001:00000360       LeaveCriticalSection
 0002:00000034       LibModuleList
 0001:0000554C       LineTo
 0001:00025DE4       ListActns
 0001:0002B144       ListAdd
 0001:0002B16C       ListRemove
 0002:0000274E       ListSeparator
 0001:00005934       LoadBitmap
 0001:0000593C       LoadCursor
 0001:00005944       LoadIcon
 0001:0000594C       LoadKeyboardLayout
 0001:0000539C       LoadLibrary
 0001:00000284       LoadLibraryEx
 0001:000053A4       LoadResource
 0001:000044BC       LoadResourceModule
 0001:00004DAC       LoadResString
 0001:0000028C       LoadString
 0001:00005954       LoadString
 0001:00004FA8       LocalAlloc
 0001:00000330       LocalAlloc
 0001:00000338       LocalFree
 0001:00009F40       LocalGetLocaleStr
 0002:00002A40       Lock
 0001:000053AC       LockResource
 0002:00002690       LongDateFormat
 0002:00002724       LongDayNames
 0002:000026D8       LongMonthNames
 0002:000026A4       LongTimeFormat
 0001:00006DA4       LowerCase
 0001:00005424       lstrcpy
 0001:00000294       lstrcpyn
 0002:00002820       LVarTypes
 0002:00002824       LVarTypeSync
 0002:0000202C       MainInstance
 0002:00002030       MainThreadID
 0001:000003F4       MakeEmpty
 0001:00002FD0       MakeErrorMessage
 0002:00000B4C       MakeLast
 0001:00005B0C       MakeLong
 0001:000196D8       MakeObjectInstance
 0001:00005B64       MakeROP4
 0001:00005B9C       MakeWParam
 0001:0000AA14       MapException
 0001:00025D54       Mapi
 0002:000009A8       MAPIDLL
 0002:000009AC       MAPIModule
 0001:00002CB8       MapToRunError
 0001:0000595C       MapVirtualKey
 0001:00005964       MapWindowPoints
 0002:00000B84       Mask
 0001:00005554       MaskBlt
 0001:00020F5C       Math
 0001:00020F24       Max
 0001:00045910       MaximizedChildren
 0002:0000003C       MemoryManager
 0002:00000BA0       MenuKeyCaps
 0001:00040DD4       Menus
 0001:0000048C       MergeBlockAfter
 0001:00001168       MergeCommit
 0001:0000596C       MessageBox
 0001:0000022C       MessageBox
 0001:00005DBC       Messages
 0001:00020F1C       Min
 0001:000130CC       Min
 0001:0002E97C       MinVar
 0002:00002928       MMAvailable
 0002:00000B64       ModeMap
 0001:00047610       ModifySystemMenu
 0002:000000A4       Module
 0002:00002661       ModuleIsCpp
 0002:00002660       ModuleIsLib
 0001:000196A8       ModuleUnload
 0002:00000038       ModuleUnloadList
 0002:00002904       MonitorFromPoint
 0002:00002900       MonitorFromRect
 0002:000028FC       MonitorFromWindow
 0002:000000DC       MonthDays
 0002:00002B10       Mouse
 0001:00001C48       Move
 0001:0000555C       MoveToEx
 0001:0002B18C       MoveWindowOrg
 0001:000053B4       MulDiv
 0001:000002A4       MultiByteToWideChar
 0001:0004CD8C       MultiLineWidth
 0001:00021A88       MultiMon
 0002:00002685       NegCurrFormat
 0001:000011F4       NewCommit
 0001:00001220       NewCommitAt
 0002:00002B14       NewStyleControls
 0001:0000B2D8       NextCharIndex
 0001:00034A20       NextVisibleZone
 0002:000003E0       NilMethod
 0002:00000030       NoErrMsg
 0001:0003C94C       NormalDraw
 0001:00002870       NotifyAnyExcept
 0001:00002844       NotifyExcept
 0001:000028A4       NotifyExceptFinally
 0001:00012934       NotifyGlobalLoading
 0001:000047F8       NotifyModuleUnload
 0001:00002820       NotifyNonDelphiException
 0001:0000285C       NotifyOnExcept
 0001:00002804       NotifyReRaise
 0001:000028CC       NotifyTerminate
 0001:000028E8       NotifyUnhandled
 0001:0003F704       NthParentOf
 0001:0000F808       Null
 0002:0000031C       NullAsStringValue
 0002:00000318       NullStrictConvert
 0001:000296E0       ObjectFromHWnd
 0001:00005974       OemToAnsi
 0001:0000597C       OffsetRect
 0001:0004D4AC       OpenGL
 0002:0000072C       OpenOptions
 0002:00000784       OpenOptionsEx
 0002:00002978       OpenThemeData
 0002:00000B44       OrientArray
 0002:00000B10       OuterStyles
 0002:00002794       OutOfMemory
 0001:0001C7F0       OutOfResources
 0002:00002218       Output
 0002:00000320       PackVarCreation
 0002:000006DC       Pal16
 0001:0001ACFC       PaletteChanged
 0001:0001CFE8       PaletteFromDIBColorTable
 0001:0001D08C       PaletteToDIBColorTable
 0002:000006D8       PalSize
 0001:00034E2C       ParentNotLast
 0001:00005564       PatBlt
 0002:000028E8       PatternManager
 0001:00005984       PeekMessage
 0002:000028DC       PenManager
 0002:000006A8       PenModes
 0002:00000688       PenStyles
 0001:0001184C       Point
 0001:000050FC       Point
 0001:00011C84       PointerInModule
 0001:00030178       PointsEqual
 0001:00005B84       PointToSmallPoint
 0002:00002BA0       PopupList
 0001:0000598C       PostMessage
 0001:00005994       PostQuitMessage
 0001:00022B3C       Printers
 0001:00048D24       ProcessExecute
 0001:00043270       ProcessHorz
 0001:00048E24       ProcessUpdate
 0001:000432DC       ProcessVert
 0001:0004DD74       Project1
 0001:000159C0       PropertyNotFound
 0001:00016C28       PropPathError
 0002:00000CA8       Props
 0001:000159B4       PropValueError
 0001:0000599C       PtInRect
 0002:000000A0       PtrToNil
 0001:00007EA4       PutExponent
 0002:00002B58       QualifyingSites
 0001:0000A9D0       RaiseAssertException
 0001:000001FC       RaiseException
 0001:000149D4       RaiseException
 0002:00002014       RaiseExceptionProc
 0001:0000BAFC       RaiseLastOSError
 0001:00035BA0       ReadControlName
 0001:00017E68       ReadCustomVariant
 0001:0001599C       ReadError
 0001:000053BC       ReadFile
 0001:0001D340       ReadIcon
 0001:0000556C       RealizePalette
 0001:000161DC       Recover
 0001:000050E0       Rect
 0001:00011874       Rect
 0001:00005574       RectVisible
 0001:000059A4       RedrawWindow
 0002:00002818       RefAnyProc
 0002:00002A3C       ReferenceCount
 0001:00005224       RegCloseKey
 0001:000002AC       RegCloseKey
 0002:0000285C       RegGroups
 0001:00012428       RegisterClass
 0001:000059AC       RegisterClass
 0001:000059B4       RegisterClipboardFormat
 0001:0002A4E8       RegisterDockSite
 0001:0001279C       RegisterFindGlobalComponentProc
 0001:00012670       RegisterIntegerConsts
 0001:00004854       RegisterModule
 0001:00021E94       RegisterViewer
 0001:000059BC       RegisterWindowMessage
 0001:00025CE8       Registry
 0001:000002B4       RegOpenKeyEx
 0001:0000522C       RegOpenKeyEx
 0001:000002BC       RegQueryValueEx
 0001:00005234       RegQueryValueEx
 0001:00023A9C       RegStr
 0001:000059C4       ReleaseCapture
 0001:000059CC       ReleaseDC
 0002:00000048       reMap
 0002:00002618       remBytes
 0001:00000514       RemoveBlock
 0002:000003BC       RemoveDataModule
 0001:0001586C       RemoveFixupReferences
 0001:00015918       RemoveFixups
 0001:00015C10       RemoveGlobalFixup
 0001:000059D4       RemoveMenu
 0001:00004770       RemoveModuleUnloadProc
 0001:00004748       RemoveModuleUnloadProc
 0001:000059DC       RemoveProp
 0001:000053C4       ResetEvent
 0001:00018480       ResetSyncEvent
 0001:00001758       ResizeInPlace
 0001:0000557C       RestoreDC
 0001:00042BF8       RestoreFocusState
 0001:0003B70C       ReturnAddr
 0001:00012BF8       ReturnAddr
 0001:00013870       ReturnAddr
 0001:0001CD6C       RGBQuadToTriple
 0001:0001CD24       RGBTripleToQuad
 0001:000239F4       RichEdit
 0002:00002B28       RM_GetObjectInstance
 0002:00002BBC       RM_TaskbarCreated
 0002:00002614       rover
 0002:000009B0       RTFConversionFormat
 0001:0000FA4C       RTLConsts
 0001:00000204       RtlUnwind
 0002:00002018       RTLUnwindProc
 0002:0000006C       runErrMsg
 0001:00001B50       RunErrorAt
 0001:0000CB58       SafeArrayCreate
 0001:0000CB60       SafeArrayGetLBound
 0001:0000CB68       SafeArrayGetUBound
 0001:0000CB70       SafeArrayPtrOfIndex
 0001:0000C1A0       SafeLoadLibrary
 0001:00006E98       SameText
 0001:00005584       SaveDC
 0001:00042BE8       SaveFocusState
 0001:000095C8       ScanBlanks
 0001:0000970C       ScanChar
 0001:00009888       ScanDate
 0001:000095EC       ScanNumber
 0001:00009680       ScanString
 0001:00009BCC       ScanTime
 0001:00009790       ScanToNumber
 0001:0003920C       ScrambleBitmap
 0002:00002BB4       Screen
 0002:00002894       ScreenLogPixels
 0001:000059E4       ScreenToClient
 0001:00043428       ScrollBarVisible
 0001:000059EC       ScrollWindow
 0001:00001254       SearchSmallBlocks
 0001:0000558C       SelectObject
 0001:00005594       SelectPalette
 0001:00029770       SendAppMessage
 0001:00042E78       SendFocusMessage
 0001:000059F4       SendMessage
 0002:00000C04       Separators
 0001:00001C88       Set8087CW
 0001:000059FC       SetActiveWindow
 0001:0004A760       SetAnimation
 0001:0000559C       SetBkColor
 0001:000055A4       SetBkMode
 0001:000055AC       SetBrushOrgEx
 0001:00005A04       SetCapture
 0001:00029A04       SetCaptureControl
 0001:00005A0C       SetClassLong
 0001:0000F394       SetClearVarToEmptyParam
 0001:0001634C       SetCompName
 0001:00005A14       SetCursor
 0001:000055B4       SetDIBColorTable
 0001:000053CC       SetEndOfFile
 0001:000053D4       SetErrorMode
 0001:000053DC       SetEvent
 0001:00002DF8       SetExceptionHandler
 0001:000053E4       SetFilePointer
 0001:0000FEB0       SetFloatProp
 0001:00005A1C       SetFocus
 0001:00005A24       SetForegroundWindow
 0001:000378F0       SetImeMode
 0001:00001BD4       SetInOutRes
 0001:00010134       SetInt64Prop
 0001:00010170       SetInterfaceProp
 0001:00016F08       SetInterfaceReference
 0001:00016E24       SetIntIdent
 0002:00000C7C       SetLayeredWindowAttributes
 0001:0000FD18       SetLongStrProp
 0001:00005A2C       SetMenu
 0001:00005A34       SetMenuItemInfo
 0001:000100FC       SetMethodProp
 0001:00016E6C       SetObjectIdent
 0001:0000FC20       SetOrdProp
 0001:00005A3C       SetParent
 0001:000055BC       SetPixel
 0001:000055C4       SetPixelFormat
 0001:00005A44       SetProp
 0001:00005A4C       SetRect
 0001:000055CC       SetROP2
 0001:00005A54       SetScrollInfo
 0001:00005A5C       SetScrollPos
 0001:00005A64       SetScrollRange
 0001:0000FC7C       SetShortStrProp
 0001:0000FCD0       SetShortStrPropAsLongStr
 0001:000055D4       SetStretchBltMode
 0001:0000FDB0       SetStrProp
 0001:00016154       SetSubComponentState
 0001:000055DC       SetTextColor
 0002:00002A20       SetThemeAppProperties
 0001:000053EC       SetThreadLocale
 0001:00005A6C       SetTimer
 0001:0000F37C       SetVarAsError
 0001:000100BC       SetVariantProp
 0001:00016EAC       SetVariantReference
 0001:000055E4       SetViewportOrgEx
 0001:0004C890       SetVisible
 0001:0000FDDC       SetWideStrProp
 0001:0000FD58       SetWideStrPropAsLongStr
 0001:00005A74       SetWindowLong
 0001:000055EC       SetWindowOrgEx
 0001:00005A7C       SetWindowPlacement
 0001:00005A84       SetWindowPos
 0001:00005A94       SetWindowsHookEx
 0001:00005A8C       SetWindowText
 0002:000029E4       SetWindowTheme
 0002:0000014C       ShareMode
 0001:00023A64       ShellAPI
 0002:00002AE0       ShellModule
 0001:00023B78       ShlObj
 0001:0003B734       ShortCut
 0002:00002BA4       ShortCutItems
 0001:0003B7C0       ShortCutToText
 0002:0000268C       ShortDateFormat
 0002:00002708       ShortDayNames
 0002:000026A8       ShortMonthNames
 0002:000026A0       ShortTimeFormat
 0002:00000CE8       ShowCommands
 0002:00000CF4       ShowCommands
 0002:00000CDC       ShowCommands
 0001:00005A9C       ShowCursor
 0001:0000A5D0       ShowException
 0002:00000D90       ShowFlags
 0002:00000AF8       ShowFlags
 0001:00042C00       ShowMDIClientEdge
 0001:00005AA4       ShowOwnedPopups
 0001:00005AAC       ShowScrollBar
 0001:00005AB4       ShowWindow
 0001:0004A788       ShowWinNoAnimate
 0001:00036E5C       ShowZone
 0002:00000B58       SizeCursors
 0001:000053F4       SizeofResource
 0001:0001799C       SkipBinary
 0001:000179CC       SkipCollection
 0001:00017974       SkipList
 0001:000053FC       Sleep
 0001:0000BAF4       Sleep
 0001:00011864       SmallPoint
 0001:00005B70       SmallPointToPoint
 0002:00002620       smallTab
 0002:000025E8       spaceRoot
 0001:000124E4       StartClassGroup
 0001:00026B10       StdActns
 0001:000269A8       StdCtrls
 0001:000196B0       StdWndProc
 0002:0000289C       StockBrush
 0002:000028A0       StockFont
 0002:000028A4       StockIcon
 0002:00002898       StockPen
 0001:000078C4       StrAlloc
 0001:000078D8       StrBufSize
 0001:0000B078       StrByteType
 0001:0000B268       StrCharLength
 0001:00007794       StrComp
 0001:000076E4       StrCopy
 0001:00007920       StrDispose
 0001:00039EF0       StreamsEqual
 0001:000076C0       StrEnd
 0001:000055F4       StretchBlt
 0001:00007D30       StrFmt
 0001:000077B8       StrIComp
 0001:00014870       StringListCompareStrings
 0001:00040B6C       StripHotkey
 0001:0000770C       StrLCopy
 0001:000076A8       StrLen
 0001:00007D7C       StrLFmt
 0001:000077F8       StrLIComp
 0001:000076D4       StrMove
 0001:000078EC       StrNew
 0001:0000B288       StrNextChar
 0001:000078B0       StrPas
 0001:00007740       StrPCopy
 0001:0000776C       StrPLCopy
 0001:0000785C       StrPos
 0001:0000783C       StrScan
 0001:000071A0       StrToInt
 0001:000071DC       StrToIntDef
 0001:00025AE8       StrUtils
 0002:00000CD0       Styles
 0001:0000C108       Supports
 0001:0000C0E4       Supports
 0001:000055FC       SwapBuffers
 0002:00002850       SyncEvent
 0002:000003E8       SyncList
 0001:00023000       SyncObjs
 0001:000002D4       SysAllocStringLen
 0001:000060CC       SysConst
 0002:00000C98       SysConsts
 0002:00000CA0       SysConsts
 0001:00009E80       SysErrorMessage
 0001:00001580       SysFreeMem
 0001:000002E4       SysFreeString
 0001:000013D4       SysGetMem
 0001:000050D8       SysInit
 0002:00002740       SysLocale
 0001:0000195C       SysReallocMem
 0001:000002DC       SysReAllocStringLen
 0001:00004ECC       System
 0002:0000288C       SystemPalette16
 0001:0001CF50       SystemPaletteOverride
 0001:00005ABC       SystemParametersInfo
 0001:0000C674       SysUtils
 0001:00038784       TActionLink.IsCaptionLinked
 0001:00038798       TActionLink.IsCheckedLinked
 0001:000387AC       TActionLink.IsEnabledLinked
 0001:000387C0       TActionLink.IsGroupIndexLinked
 0001:000387D4       TActionLink.IsHelpContextLinked
 0001:000387E8       TActionLink.IsHelpLinked
 0001:000387FC       TActionLink.IsHintLinked
 0001:00038810       TActionLink.IsImageIndexLinked
 0001:00038824       TActionLink.IsShortCutLinked
 0001:00038838       TActionLink.IsVisibleLinked
 0001:0003884C       TActionLink.SetAutoCheck
 0001:00038850       TActionLink.SetCaption
 0001:00038854       TActionLink.SetChecked
 0001:00038858       TActionLink.SetEnabled
 0001:0003885C       TActionLink.SetGroupIndex
 0001:00038860       TActionLink.SetHelpContext
 0001:00038864       TActionLink.SetHelpKeyword
 0001:00038868       TActionLink.SetHelpType
 0001:0003886C       TActionLink.SetHint
 0001:00038870       TActionLink.SetImageIndex
 0001:00038874       TActionLink.SetShortCut
 0001:00038878       TActionLink.SetVisible
 0001:0004CE50       TApplication.ActivateHint
 0001:0004B930       TApplication.BringToFront
 0001:0004CB94       TApplication.CancelHint
 0001:0004AF18       TApplication.CheckIniChange
 0001:0004AC94       TApplication.ControlDestroyed
 0001:0004A7C8       TApplication.Create
 0001:0004BDD0       TApplication.CreateForm
 0001:0004AAE4       TApplication.CreateHandle
 0001:0004A9C8       TApplication.Destroy
 0001:0004D220       TApplication.DispatchAction
 0001:0004C560       TApplication.DoActionIdle
 0001:0004C5C4       TApplication.DoMouseIdle
 0001:0004AD64       TApplication.DoNormalizeTopMosts
 0001:0004D2B0       TApplication.ExecuteAction
 0001:0004D1E4       TApplication.GetCurrentHelpFile
 0001:0004B764       TApplication.GetIconHandle
 0001:0004B96C       TApplication.GetTitle
 0001:0004BF50       TApplication.HandleException
 0001:0004BCAC       TApplication.HandleMessage
 0001:0004C508       TApplication.HelpCommand
 0001:0004C480       TApplication.HelpContext
 0001:0004C3F0       TApplication.HelpKeyword
 0001:0004CB50       TApplication.HideHint
 0001:0004CA08       TApplication.HintMouseMessage
 0001:0004CB18       TApplication.HintTimerExpired
 0001:0004BCD0       TApplication.HookMainWindow
 0001:0004D35C       TApplication.HookSynchronizeWakeup
 0001:0004C798       TApplication.IconChanged
 0001:0004C63C       TApplication.Idle
 0001:0004BDB8       TApplication.Initialize
 0001:0004C220       TApplication.InvokeHelp
 0001:0004BA48       TApplication.IsDlgMsg
 0001:0004BB74       TApplication.IsHintMsg
 0001:0004BABC       TApplication.IsKeyMsg
 0001:0004BA6C       TApplication.IsMDIMsg
 0001:0004BBA8       TApplication.IsShortCut
 0001:0004BFE0       TApplication.MessageBox
 0001:0004B780       TApplication.Minimize
 0001:0004AE40       TApplication.ModalFinished
 0001:0004AE14       TApplication.ModalStarted
 0001:0004AE74       TApplication.NormalizeAllTopMosts
 0001:0004AE6C       TApplication.NormalizeTopMosts
 0001:0004C75C       TApplication.NotifyForms
 0001:0004BC14       TApplication.ProcessMessage
 0001:0004B830       TApplication.Restore
 0001:0004AE7C       TApplication.RestoreTopMosts
 0001:0004BE50       TApplication.Run
 0001:0004C7FC       TApplication.SetHint
 0001:0004C510       TApplication.SetShowHint
 0001:0004AF70       TApplication.SettingChange
 0001:0004B9B8       TApplication.SetTitle
 0001:0004C148       TApplication.ShowException
 0001:0004C99C       TApplication.StartHintTimer
 0001:0004C9E0       TApplication.StopHintTimer
 0001:0004BF3C       TApplication.Terminate
 0001:0004BD2C       TApplication.UnhookMainWindow
 0001:0004D36C       TApplication.UnhookSynchronizeWakeup
 0001:0004D2D8       TApplication.UpdateAction
 0001:0004C8EC       TApplication.UpdateVisible
 0001:0004AF00       TApplication.UseRightToLeftAlignment
 0001:0004AEE8       TApplication.UseRightToLeftReading
 0001:0004C974       TApplication.ValidateHelpSystem
 0001:0004D34C       TApplication.WakeMainThread
 0001:0004B064       TApplication.WndProc
 0002:00000C88       TaskActiveWindow
 0002:00000C90       TaskFirstTopMost
 0002:00000C8C       TaskFirstWindow
 0002:00000C94       TaskWindowList
 0001:00029E5C       TBaseDragControlObject.Assign
 0001:00029E38       TBaseDragControlObject.Create
 0001:00029E88       TBaseDragControlObject.EndDrag
 0001:00029EB4       TBaseDragControlObject.Finished
 0001:000190B4       TBasicAction.Change
 0001:00018F50       TBasicAction.Create
 0001:00018F94       TBasicAction.Destroy
 0001:00019020       TBasicAction.Execute
 0001:00018FF0       TBasicAction.ExecuteTarget
 0001:00018FEC       TBasicAction.HandlesTarget
 0001:00018FF4       TBasicAction.Notification
 0001:000190C8       TBasicAction.RegisterChanges
 0001:00019114       TBasicAction.SetActionComponent
 0001:00019058       TBasicAction.SetOnExecute
 0001:000190D4       TBasicAction.UnRegisterChanges
 0001:0001903C       TBasicAction.Update
 0001:0001901C       TBasicAction.UpdateTarget
 0001:00018EA0       TBasicActionLink.AssignClient
 0001:00018ED8       TBasicActionLink.Change
 0001:00018E5C       TBasicActionLink.Create
 0001:00018EA4       TBasicActionLink.Destroy
 0001:00018EF0       TBasicActionLink.Execute
 0001:00018F38       TBasicActionLink.IsOnExecuteLinked
 0001:00018F0C       TBasicActionLink.SetAction
 0001:00018F3C       TBasicActionLink.SetOnExecute
 0001:00018F44       TBasicActionLink.Update
 0001:0001ECBC       TBitmap.Assign
 0001:0001EE98       TBitmap.Changed
 0001:0001EE74       TBitmap.Changing
 0001:0001EDB4       TBitmap.CopyImage
 0001:0001EC18       TBitmap.Create
 0001:0001EC80       TBitmap.Destroy
 0001:0001F324       TBitmap.DIBNeeded
 0001:0001EEA4       TBitmap.Dormant
 0001:0001EF18       TBitmap.Draw
 0001:0001F398       TBitmap.FreeContext
 0001:0001F168       TBitmap.FreeImage
 0001:0001F1E8       TBitmap.GetCanvas
 0001:0001F1CC       TBitmap.GetEmpty
 0001:0001F230       TBitmap.GetHandle
 0001:0001F254       TBitmap.GetHandleType
 0001:0001F280       TBitmap.GetHeight
 0001:0001F290       TBitmap.GetMaskHandle
 0001:0001F2A4       TBitmap.GetMonochrome
 0001:0001F2C0       TBitmap.GetPalette
 0001:0001F2D4       TBitmap.GetTransparentColor
 0001:0001F31C       TBitmap.GetWidth
 0001:0001F3A8       TBitmap.HandleNeeded
 0001:0001F560       TBitmap.LoadFromClipboardFormat
 0001:0001F5E4       TBitmap.LoadFromStream
 0001:0001F448       TBitmap.MaskHandleNeeded
 0001:0001F608       TBitmap.NewImage
 0001:0001F4A8       TBitmap.PaletteNeeded
 0001:0001F708       TBitmap.ReadData
 0001:0001F730       TBitmap.ReadDIB
 0001:0001FC98       TBitmap.ReadStream
 0001:000203C8       TBitmap.SaveToClipboardFormat
 0001:000203C0       TBitmap.SaveToStream
 0001:0001FD08       TBitmap.SetHandle
 0001:0001FDCC       TBitmap.SetHandleType
 0001:0001FF04       TBitmap.SetHeight
 0001:0001FF58       TBitmap.SetMonochrome
 0001:0001FFD8       TBitmap.SetPalette
 0001:000200AC       TBitmap.SetWidth
 0001:00020100       TBitmap.WriteData
 0001:00020108       TBitmap.WriteStream
 0001:0001DF7C       TBitmapCanvas.Create
 0001:0001E084       TBitmapCanvas.CreateHandle
 0001:0001DFB8       TBitmapCanvas.Destroy
 0001:0001DFE4       TBitmapCanvas.FreeContext
 0001:0001E194       TBitmapImage.Destroy
 0001:0001E1F0       TBitmapImage.FreeHandle
 0001:00013084       TBits.Destroy
 0001:000130B4       TBits.Error
 0001:000131A8       TBits.OpenBit
 0001:0001317C       TBits.SetBit
 0001:000130D8       TBits.SetSize
 0001:0001BD34       TBrush.Assign
 0001:0001BCCC       TBrush.Create
 0001:0001BD0C       TBrush.Destroy
 0001:0001BE6C       TBrush.GetColor
 0001:0001BDDC       TBrush.GetData
 0001:0001BEA8       TBrush.GetHandle
 0001:0001BF88       TBrush.GetStyle
 0001:0001BE48       TBrush.SetBitmap
 0001:0001BE74       TBrush.SetColor
 0001:0001BDF8       TBrush.SetData
 0001:0001BF90       TBrush.SetStyle
 0001:0001C788       TCanvas.BrushChanged
 0001:0001C65C       TCanvas.Changed
 0001:0001C648       TCanvas.Changing
 0001:0001C0E4       TCanvas.CopyRect
 0001:0001BFC4       TCanvas.Create
 0001:0001C6CC       TCanvas.CreateBrush
 0001:0001C670       TCanvas.CreateFont
 0001:0001C57C       TCanvas.CreateHandle
 0001:0001C69C       TCanvas.CreatePen
 0001:0001C520       TCanvas.DeselectHandles
 0001:0001C088       TCanvas.Destroy
 0001:0001C16C       TCanvas.Draw
 0001:0001C218       TCanvas.FillRect
 0001:0001C748       TCanvas.FontChanged
 0001:0001C500       TCanvas.GetHandle
 0001:0001C448       TCanvas.GetPenPos
 0001:0001C48C       TCanvas.GetPixel
 0001:0001C254       TCanvas.LineTo
 0001:0001C28C       TCanvas.Lock
 0001:0001C2B4       TCanvas.MoveTo
 0001:0001C768       TCanvas.PenChanged
 0001:0001C5D4       TCanvas.RequiredState
 0001:0001C43C       TCanvas.SetBrush
 0001:0001C420       TCanvas.SetFont
 0001:0001C580       TCanvas.SetHandle
 0001:0001C430       TCanvas.SetPen
 0001:0001C46C       TCanvas.SetPenPos
 0001:0001C4B8       TCanvas.SetPixel
 0001:0001C2E0       TCanvas.StretchDraw
 0001:0001C31C       TCanvas.TextExtent
 0001:0001C37C       TCanvas.TextHeight
 0001:0001C360       TCanvas.TextWidth
 0001:0001C39C       TCanvas.TryLock
 0001:0001C3F8       TCanvas.Unlock
 0001:0003A75C       TChangeLink.Change
 0001:0003A728       TChangeLink.Destroy
 0001:00012158       TClassFinder.Create
 0001:00012284       TClassFinder.Destroy
 0001:000122B4       TClassFinder.GetClass
 0001:000134A8       TCollection.Add
 0001:000134C8       TCollection.Clear
 0001:000244BC       TCommonDialog.Create
 0001:00024560       TCommonDialog.DefaultHandler
 0001:00024504       TCommonDialog.Destroy
 0001:00024704       TCommonDialog.DoClose
 0001:00024718       TCommonDialog.DoShow
 0001:00024598       TCommonDialog.MainWndProc
 0001:00024538       TCommonDialog.MessageHook
 0001:00024630       TCommonDialog.TaskModalDialog
 0001:000245EC       TCommonDialog.WMDestroy
 0001:00024604       TCommonDialog.WMInitDialog
 0001:0002461C       TCommonDialog.WMNCDestroy
 0001:000245E4       TCommonDialog.WndProc
 0001:0001870C       TComponent.BeforeDestruction
 0001:00018C2C       TComponent.ChangeName
 0001:00018648       TComponent.Create
 0001:000189C0       TComponent.DefineProperties
 0001:00018694       TComponent.Destroy
 0001:00018890       TComponent.DestroyComponents
 0001:000188E8       TComponent.Destroying
 0001:00018D68       TComponent.ExecuteAction
 0001:00018B50       TComponent.FindComponent
 0001:00018718       TComponent.FreeNotification
 0001:00018A54       TComponent.GetChildOwner
 0001:00018A58       TComponent.GetChildParent
 0001:00018A4C       TComponent.GetChildren
 0001:00018C40       TComponent.GetComponent
 0001:00018C6C       TComponent.GetComponentCount
 0001:00018A5C       TComponent.GetNamePath
 0001:00018A70       TComponent.GetOwner
 0001:00018A78       TComponent.GetParentComponent
 0001:00018A48       TComponent.HasParent
 0001:000187AC       TComponent.Insert
 0001:00018800       TComponent.InsertComponent
 0001:00018E58       TComponent.IntfGetComponent
 0001:00018A98       TComponent.Loaded
 0001:00018964       TComponent.Notification
 0001:00018AA4       TComponent.PaletteCreated
 0001:00018DD8       TComponent.QueryInterface
 0001:0001876C       TComponent.ReadLeft
 0001:00018AA8       TComponent.ReadState
 0001:00018780       TComponent.ReadTop
 0001:000187D8       TComponent.Remove
 0001:00018858       TComponent.RemoveComponent
 0001:00018948       TComponent.RemoveFreeNotification
 0001:00018924       TComponent.RemoveNotification
 0001:00018DB8       TComponent.SafeCallException
 0001:00018A74       TComponent.SetChildOrder
 0001:00018C7C       TComponent.SetComponentIndex
 0001:00018CD0       TComponent.SetDesigning
 0001:00018BA0       TComponent.SetName
 0001:00018A7C       TComponent.SetParentComponent
 0001:00018D20       TComponent.SetReference
 0001:00018D90       TComponent.UpdateAction
 0001:00018A8C       TComponent.Updated
 0001:00018DD0       TComponent.UpdateRegistry
 0001:00018A80       TComponent.Updating
 0001:00018B38       TComponent.ValidateContainer
[...]
  9935 0001:00036347  9937 0001:0003634B  9938 0001:00036350  9940 0001:00036357
  9941 0001:00036360  9943 0001:00036367  9945 0001:0003636F  9951 0001:00036374
  9952 0001:00036392  9953 0001:00036396  9954 0001:000363D1  9955 0001:000363D7
  9956 0001:00036412  9957 0001:0003641A  9959 0001:0003641F  9960 0001:00036427
  9962 0001:00036430  9965 0001:00036439  9966 0001:00036445  9967 0001:00036447
  9970 0001:0003644D  9973 0001:00036457  9974 0001:0003645D  9975 0001:00036462
  9976 0001:00036467  9977 0001:00036478  9981 0001:00036481  9982 0001:00036485
  9983 0001:0003648B  9984 0001:00036490  9986 0001:00036497  9991 0001:000364AC
  9994 0001:000364B4  9995 0001:000364BE  9996 0001:000364C9  9997 0001:000364D1
  9998 0001:000364D4  9999 0001:000364D9 10000 0001:000364DE 10001 0001:000364E3
 10006 0001:000364EF 10007 0001:000364FB 10008 0001:000364FF 10010 0001:0003650D
 10011 0001:00036513 10012 0001:00036516 10014 0001:0003651F 10015 0001:00036522
 10016 0001:0003652B 10017 0001:00036531 10018 0001:0003653A 10019 0001:00036540
 10020 0001:00036546 10021 0001:00036556 10022 0001:0003655E 10028 0001:00036567
 10032 0001:0003656E 10033 0001:00036577 10034 0001:0003657F 10039 0001:00036586
 10040 0001:0003658C 10041 0001:00036593 10042 0001:00036596 10043 0001:000365A7
 10045 0001:000365AF 10047 0001:000365BF 10048 0001:000365E8 10053 0001:000365F0
 10054 0001:000365FA 10057 0001:00036620 10058 0001:0003662A 10059 0001:00036637
 10061 0001:0003664E 10062 0001:0003665B 10065 0001:0003666B 10066 0001:00036677
 10070 0001:00036684 10071 0001:00036691 10074 0001:0003669B 10076 0001:000366A7
 10077 0001:000366B0 10081 0001:000366C5 10084 0001:000366CC 10085 0001:000366D3
 10086 0001:000366D7 10087 0001:000366E6 10089 0001:00036704 10096 0001:00036708
 10097 0001:00036728 10098 0001:00036733 10099 0001:00036746 10100 0001:0003677A
 10103 0001:00036780 10106 0001:000367A0 10107 0001:000367B3 10108 0001:000367C6
 10109 0001:000367D9 10112 0001:000367F0 10113 0001:000367F7 10115 0001:00036805
 10116 0001:0003680C 10117 0001:00036836 10123 0001:0003683C 10125 0001:0003685E
 10127 0001:00036871 10128 0001:00036880 10129 0001:0003688E 10131 0001:000368A3
 10132 0001:000368B2 10133 0001:000368BE 10134 0001:000368C9 10129 0001:000368CA
 10136 0001:000368CD 10137 0001:000368D8 10138 0001:000368E8 10140 0001:0003691B
 10143 0001:0003692B 10145 0001:0003693E 10146 0001:0003694D 10147 0001:0003697C
 10152 0001:00036984 10153 0001:0003698B 10155 0001:0003698F 10157 0001:000369B0
 10158 0001:000369C0 10160 0001:000369D2 10162 0001:000369E3 10163 0001:000369F4
 10165 0001:00036A05 10167 0001:00036A0C 10168 0001:00036A13 10169 0001:00036A20
 10171 0001:00036A29 10172 0001:00036A34 10175 0001:00036A38 10176 0001:00036A3E
 10177 0001:00036A4A 10180 0001:00036A50 10181 0001:00036A56 10183 0001:00036A6A
 10184 0001:00036A7D 10187 0001:00036A80 10188 0001:00036A8F 10189 0001:00036A92
 10190 0001:00036AA6 10191 0001:00036AB3 10193 0001:00036AC3 10194 0001:00036AD0
 10195 0001:00036AD7 10198 0001:00036AE0 10199 0001:00036AE3 10200 0001:00036AEF
 10201 0001:00036AF6 10202 0001:00036B03 10203 0001:00036B0F 10204 0001:00036B23
 10205 0001:00036B35 10206 0001:00036B42 10207 0001:00036B55 10208 0001:00036B5A
 10211 0001:00036B5C 10212 0001:00036B5F 10213 0001:00036B71 10214 0001:00036B80
 10218 0001:00036B84 10219 0001:00036B91 10225 0001:00036B94 10226 0001:00036B9B
 10230 0001:00036BA6 10232 0001:00036BAF 10233 0001:00036BBE 10234 0001:00036BD1
 10235 0001:00036BE5 10238 0001:00036BF2 10239 0001:00036C04 10240 0001:00036C14
 10241 0001:00036C1E 10244 0001:00036C33 10245 0001:00036C47 10247 0001:00036C6D
 10249 0001:00036C77 10256 0001:00036C80 10257 0001:00036C88 10261 0001:00036CCF
 10262 0001:00036CE9 10263 0001:00036CFA 10264 0001:00036D0B 10266 0001:00036D10
 10267 0001:00036D1D 10268 0001:00036D27 10270 0001:00036D33 10271 0001:00036D4A
 10272 0001:00036D57 10273 0001:00036D5A 10281 0001:00036D60 10282 0001:00036D6D
 10283 0001:00036D6F 10285 0001:00036D73 10286 0001:00036D7D 10287 0001:00036D87
 10289 0001:00036D9F 10290 0001:00036DA3 10292 0001:00036DBB 10293 0001:00036DBF
 10294 0001:00036DD1 10296 0001:00036DD5 10299 0001:00036DDC 10300 0001:00036DE3
 10301 0001:00036DEE 10303 0001:00036DFF 10305 0001:00036E04 10306 0001:00036E16
 10308 0001:00036E23 10309 0001:00036E2E 10310 0001:00036E3D 10311 0001:00036E57
 10317 0001:00036E5C 10318 0001:00036E65 10320 0001:00036E81 10321 0001:00036E8E
 10322 0001:00036E9F 10325 0001:00036EA6 10326 0001:00036EA8 10327 0001:00036EC0
 10328 0001:00036ECB 10330 0001:00036ED4 10332 0001:00036EEE 10336 0001:00036EF2
 10338 0001:00036F05 10339 0001:00036F18 10342 0001:00036F26 10344 0001:00036F31
 10346 0001:00036F45 10350 0001:00036F49 10351 0001:00036F5C 10355 0001:00036F68
 10356 0001:00036F6C 10357 0001:00036F74 10358 0001:00036F8E 10364 0001:00036F94
 10365 0001:00036FA3 10366 0001:00036FAD 10368 0001:00036FB1 10369 0001:00036FB5
 10371 0001:00036FBE 10372 0001:00036FC5 10375 0001:00036FD2 10377 0001:00036FD6
 10378 0001:00036FF2 10379 0001:00036FF6 10381 0001:00036FFB 10382 0001:00036FFD
 10384 0001:00037013 10392 0001:0003701C 10393 0001:00037028 10394 0001:0003702D
 10396 0001:0003703B 10397 0001:00037049 10398 0001:00037055 10399 0001:00037063
 10402 0001:00037071 10403 0001:0003707F 10404 0001:0003708B 10405 0001:00037099
 10407 0001:000370A5 10418 0001:000370AC 10419 0001:000370CD 10422 0001:00037113
 10423 0001:00037122 10425 0001:00037135 10427 0001:00037142 10428 0001:0003714A
 10429 0001:00037164 10430 0001:0003716B 10434 0001:00037178 10436 0001:00037193
 10438 0001:0003719B 10440 0001:000371AF 10441 0001:000371B4 10446 0001:000371C7
 10447 0001:000371D2 10448 0001:000371E2 10450 0001:000371EA 10451 0001:000371F0
 10452 0001:00037202 10454 0001:0003720C 10457 0001:00037243 10458 0001:0003724E
 10460 0001:00037268 10461 0001:00037272 10466 0001:00037277 10468 0001:00037280
 10469 0001:0003728B 10470 0001:0003729B 10472 0001:000372AD 10473 0001:000372C1
 10475 0001:000372CD 10479 0001:000372DB 10482 0001:000372E8 10483 0001:000372F1
 10485 0001:0003730E 10488 0001:00037340 10489 0001:00037350 10491 0001:00037362
 10492 0001:00037383 10493 0001:0003738A 10500 0001:0003738F 10501 0001:0003739A
 10503 0001:000373A4 10504 0001:000373B7 10505 0001:000373BD 10506 0001:000373CD
 10508 0001:000373E6 10509 0001:000373F0 10510 0001:000373FC 10511 0001:00037407
 10512 0001:00037412 10513 0001:00037422 10514 0001:00037432 10515 0001:0003744A
 10518 0001:00037457 10521 0001:00037459 10522 0001:00037463 10523 0001:0003748B
 10528 0001:00037494 10529 0001:000374A6 10530 0001:000374AF 10531 0001:000374B3
 10534 0001:000374BA 10539 0001:000374FF 10540 0001:0003751F 10543 0001:00037524
 10544 0001:0003752F 10545 0001:00037538 10546 0001:0003754F 10550 0001:00037554
 10551 0001:00037559 10554 0001:0003755C 10555 0001:0003755F 10556 0001:0003756A
 10564 0001:0003756C 10565 0001:0003756F 10566 0001:00037583 10569 0001:00037588
 10570 0001:0003758C 10571 0001:000375A0 10572 0001:000375A4 10573 0001:000375B3
 10578 0001:000375B8 10579 0001:000375BC 10581 0001:000375D2 10582 0001:000375DC
 10585 0001:000375E0 10586 0001:000375E6 10588 0001:000375F1 10589 0001:000375FC
 10591 0001:00037602 10599 0001:00037608 10600 0001:0003760B 10603 0001:00037617
 10604 0001:0003761E 10605 0001:0003762D 10608 0001:00037636 10610 0001:0003763C
 10611 0001:00037642 10613 0001:00037653 10616 0001:00037667 10646 0001:0003766C
 10647 0001:00037671 10648 0001:00037680 10649 0001:0003768D 10650 0001:0003769B
 10652 0001:000376A4 10654 0001:000376B0 10661 0001:000376C0 10663 0001:000376CD
 10664 0001:000376DC 10667 0001:000376E9 10668 0001:000376FE 10669 0001:00037713
 10670 0001:00037728 10671 0001:0003773D 10672 0001:00037752 10673 0001:00037767
 10674 0001:0003777C 10675 0001:00037791 10676 0001:000377A6 10693 0001:000377C8
 10695 0001:000377D9 10699 0001:000378D4 10700 0001:000378DD 10702 0001:000378EC
 10703 0001:000378EE 10719 0001:000378F0 10720 0001:000378FA 10722 0001:00037912
 10724 0001:00037916 10725 0001:0003791F 10728 0001:00037924 10730 0001:0003792D
 10732 0001:0003793A 10733 0001:00037943 10735 0001:00037947 10737 0001:00037958
 10738 0001:00037964 10739 0001:0003796F 10741 0001:0003797A 10742 0001:00037983
 10743 0001:00037994 10746 0001:000379AA 10747 0001:000379BB 10748 0001:000379C3
 10831 0001:000379CC 10832 0001:000379D5 10834 0001:000379DD 10835 0001:000379DF
 10898 0001:000379E0 10899 0001:000379EC 10900 0001:000379F5 10901 0001:00037A01
 10902 0001:00037A0A 10903 0001:00037A14 10904 0001:00037A1B 10905 0001:00037A25
 10906 0001:00037A31 10907 0001:00037A3B 10908 0001:00037A47 10909 0001:00037A51
 10910 0001:00037A65 10915 0001:00037A68 10916 0001:00037A85 10917 0001:00037AB1
 10918 0001:00037AC7 10919 0001:00037B02 10920 0001:00037B18 10921 0001:00037B2D
 10922 0001:00037B3E 10923 0001:00037B43 10924 0001:00037B54 10925 0001:00037B6A
 10926 0001:00037B80 10927 0001:00037B8E 10928 0001:00037BA2 10929 0001:00037BAE
 10930 0001:00037BB2 10931 0001:00037BE7 10952 0001:00037C34 10953 0001:00037C57
 10955 0001:00037C9A 10942 0001:00037C9C 10943 0001:00037CB6 10944 0001:00037CCB
 10945 0001:00037CD0 10946 0001:00037CDA 10947 0001:00037CE4 10948 0001:00037CF4
 10949 0001:00037D04 10951 0001:00037D29

Line numbers for ImgList(ImgList.pas) segment .text

   180 0001:00039114   181 0001:00039119   182 0001:00039128   183 0001:0003912C
   185 0001:00039131   189 0001:00039134   190 0001:00039146   191 0001:0003914C
   195 0001:00039151   198 0001:00039154   199 0001:00039166   200 0001:0003916F
   201 0001:00039176   202 0001:0003917D   203 0001:0003919B   214 0001:000391A0
   216 0001:000391AE   215 0001:000391BE   217 0001:000391C7   218 0001:000391CF
   219 0001:000391D6   220 0001:000391DE   221 0001:000391E3   222 0001:000391EF
   223 0001:00039206   238 0001:0003920C   239 0001:00039215   241 0001:00039223
   242 0001:0003923D   244 0001:00039255   245 0001:00039262   247 0001:0003926D
   250 0001:000392B2   252 0001:000392C6   253 0001:000392D5   242 0001:000392D6
   253 0001:000392DD   241 0001:000392DE   255 0001:000392E8   263 0001:000392F0
   264 0001:00039306   265 0001:00039315   266 0001:0003932A   267 0001:0003934B
   268 0001:00039352   269 0001:00039356   270 0001:0003935F   271 0001:00039363
   272 0001:0003936A   273 0001:00039371   274 0001:00039380   275 0001:000393A4
   279 0001:000393A8   280 0001:000393AF   284 0001:000393B0   285 0001:000393BB
   290 0001:000393BC   291 0001:000393C6   292 0001:000393D0   293 0001:000393DE
   295 0001:000393E4   296 0001:00039404   297 0001:00039415   300 0001:00039451
   302 0001:00039464   304 0001:0003946E   305 0001:00039473   307 0001:0003947B
   312 0001:00039480   313 0001:00039486   314 0001:0003948D   315 0001:00039493
   316 0001:0003949F   317 0001:000394A6   318 0001:000394AC   319 0001:000394B3
   346 0001:000394B8   347 0001:000394BE   348 0001:000394C5   350 0001:000394C9
   351 0001:000394D2   352 0001:000394D5   354 0001:000394E0   364 0001:000394E4
   365 0001:000394E7   366 0001:000394EE   367 0001:000394F1   370 0001:000394F4
   371 0001:000394FD   372 0001:00039506   373 0001:0003950A   374 0001:00039515
   377 0001:0003951E   378 0001:00039527   379 0001:00039530   381 0001:00039539
   382 0001:00039541   385 0001:00039548   386 0001:0003954C   387 0001:0003955D
   388 0001:0003956A   389 0001:0003956F   390 0001:0003957A   395 0001:00039580
   396 0001:00039597   398 0001:000395BE   399 0001:000395EA   400 0001:0003961A
   429 0001:00039620   430 0001:0003962F   431 0001:0003963E   432 0001:0003964C
   433 0001:0003965B   434 0001:00039669   435 0001:00039671   438 0001:000396A9
   441 0001:000396C6   443 0001:000396D6   444 0001:000396E5   510 0001:000396EC
   511 0001:000396EF   512 0001:00039709   513 0001:0003970B   592 0001:00039710
   593 0001:00039729   594 0001:00039755   595 0001:0003976E   596 0001:00039796
   600 0001:0003979C   601 0001:000397A4   604 0001:000397A8   605 0001:000397AE
   606 0001:000397CC   607 0001:000397CF   608 0001:000397DA   611 0001:000397E0
   612 0001:000397E3   613 0001:00039802   614 0001:00039805   625 0001:00039808
   626 0001:00039817   628 0001:00039826   629 0001:0003982C   633 0001:0003986D
   635 0001:00039873   636 0001:00039882   640 0001:00039888   641 0001:00039893
   645 0001:0003989E   646 0001:000398B3   647 0001:000398D9   649 0001:00039906
   650 0001:0003990E   651 0001:0003992A   652 0001:0003993A   654 0001:0003995C
   655 0001:00039969   656 0001:00039972   657 0001:0003997D   658 0001:00039985
   660 0001:000399AA   661 0001:000399B7   662 0001:000399C0   663 0001:000399CB
   664 0001:000399D3   667 0001:000399F6   671 0001:00039A00   672 0001:00039A04
   673 0001:00039A1D   677 0001:00039A24   678 0001:00039A30   679 0001:00039A3B
   681 0001:00039A69   715 0001:00039A70   716 0001:00039A81   717 0001:00039A9B
   718 0001:00039AA3   719 0001:00039AB1   720 0001:00039AC0   723 0001:00039ACE
   724 0001:00039ADC   726 0001:00039AEA   727 0001:00039AF9   730 0001:00039B07
   731 0001:00039B11   732 0001:00039B1F   734 0001:00039B2D   735 0001:00039B40
   737 0001:00039B49   739 0001:00039B54   740 0001:00039B5F   742 0001:00039B78
   744 0001:00039B83   745 0001:00039B8E   747 0001:00039BA7   748 0001:00039BB5
   734 0001:00039BB6   750 0001:00039BC6   753 0001:00039BE3   756 0001:00039C00
   758 0001:00039C10   923 0001:00039C18   924 0001:00039C1E   925 0001:00039C35
   930 0001:00039C38   931 0001:00039C3E   932 0001:00039C4C   934 0001:00039C61
   936 0001:00039C68   937 0001:00039C6E   938 0001:00039C74   939 0001:00039C7E
   940 0001:00039C84   941 0001:00039C94   942 0001:00039CA8   943 0001:00039CBD
   944 0001:00039CD8   945 0001:00039CDE   947 0001:00039CE9   948 0001:00039CF2
   953 0001:00039CF8   954 0001:00039CFE   957 0001:00039D13   958 0001:00039D19
   959 0001:00039D1F   960 0001:00039D29   961 0001:00039D2F   964 0001:00039D35
   965 0001:00039D3C   966 0001:00039D4C   967 0001:00039D60   968 0001:00039D75
   969 0001:00039D90   972 0001:00039D9C   973 0001:00039DA5   976 0001:00039DA8
   977 0001:00039DC1   979 0001:00039DC5   980 0001:00039DDD   981 0001:00039E1B
   984 0001:00039E20   985 0001:00039E23   987 0001:00039E28   988 0001:00039E2B
   990 0001:00039E36   993 0001:00039E38   994 0001:00039E3B   995 0001:00039E46
  1084 0001:00039E48  1085 0001:00039E4E  1086 0001:00039E52  1087 0001:00039E58
  1088 0001:00039E5F  1089 0001:00039E6A  1088 0001:00039E7E  1090 0001:00039E81
  1091 0001:00039E90  1096 0001:00039E98  1097 0001:00039EA0  1098 0001:00039EA7
  1099 0001:00039EB2  1101 0001:00039EC0  1102 0001:00039EC5  1103 0001:00039ECF
  1104 0001:00039ED1  1098 0001:00039ED2  1105 0001:00039ED5  1109 0001:00039EDC
  1110 0001:00039EDF  1111 0001:00039EED  1116 0001:00039EF0  1117 0001:00039EF6
  1118 0001:00039F2F  1122 0001:00039F34  1123 0001:00039F41  1125 0001:00039F59
  1126 0001:00039F5D  1128 0001:00039F62  1130 0001:00039F78  1131 0001:00039F7C
  1133 0001:00039F81  1134 0001:00039F90  1135 0001:00039F9E  1136 0001:00039FA8
  1137 0001:00039FB7  1138 0001:00039FC5  1139 0001:00039FCF  1141 0001:00039FEA
  1144 0001:0003A007  1146 0001:0003A01A  1151 0001:0003A024  1152 0001:0003A028
  1153 0001:0003A034  1156 0001:0003A06B  1157 0001:0003A07B  1159 0001:0003A080
  1160 0001:0003A08D  1161 0001:0003A098  1162 0001:0003A0C2  1169 0001:0003A0D8
  1170 0001:0003A0E6  1171 0001:0003A0F5  1172 0001:0003A104  1173 0001:0003A113
  1174 0001:0003A121  1175 0001:0003A12A  1176 0001:0003A134  1177 0001:0003A143
  1178 0001:0003A152  1179 0001:0003A160  1180 0001:0003A16A  1181 0001:0003A179
  1182 0001:0003A187  1183 0001:0003A195  1184 0001:0003A1A4  1185 0001:0003A1AE
  1186 0001:0003A1BC  1187 0001:0003A1CA  1188 0001:0003A1E4  1189 0001:0003A1EC
  1190 0001:0003A1FA  1192 0001:0003A21A  1193 0001:0003A224  1195 0001:0003A243
  1196 0001:0003A24D  1198 0001:0003A293  1200 0001:0003A2D9  1201 0001:0003A2E7
  1202 0001:0003A2EA  1193 0001:0003A2EB  1203 0001:0003A2F2  1190 0001:0003A2F3
  1205 0001:0003A309  1206 0001:0003A311  1207 0001:0003A319  1210 0001:0003A336
  1213 0001:0003A353  1215 0001:0003A363  1223 0001:0003A36C  1225 0001:0003A37A
  1226 0001:0003A38E  1227 0001:0003A39C  1229 0001:0003A3C3  1233 0001:0003A3D3
  1237 0001:0003A3E3  1238 0001:0003A3E5  1239 0001:0003A3F4  1240 0001:0003A402
  1241 0001:0003A40E  1244 0001:0003A419  1245 0001:0003A425  1249 0001:0003A43E
  1250 0001:0003A44A  1254 0001:0003A45D  1257 0001:0003A463  1258 0001:0003A46F
  1263 0001:0003A483  1265 0001:0003A487  1266 0001:0003A493  1267 0001:0003A4A7
  1268 0001:0003A4B5  1270 0001:0003A4DC  1275 0001:0003A4F9  1279 0001:0003A509
  1280 0001:0003A515  1282 0001:0003A52C  1289 0001:0003A534  1290 0001:0003A53E
  1291 0001:0003A545  1292 0001:0003A550  1293 0001:0003A55E  1294 0001:0003A56E
  1295 0001:0003A574  1296 0001:0003A580  1297 0001:0003A58E  1298 0001:0003A5A3
  1300 0001:0003A5AE  1301 0001:0003A5B7  1315 0001:0003A5C0  1316 0001:0003A5CB
  1318 0001:0003A5D4  1319 0001:0003A5E3  1321 0001:0003A5EF  1322 0001:0003A5FB
  1323 0001:0003A5FF  1327 0001:0003A60F  1328 0001:0003A622  1331 0001:0003A630
  1333 0001:0003A639  1334 0001:0003A658  1336 0001:0003A671  1337 0001:0003A68D
  1339 0001:0003A6B1  1341 0001:0003A6C1  1416 0001:0003A704  1417 0001:0003A707
  1420 0001:0003A708  1421 0001:0003A709  1422 0001:0003A712  1424 0001:0003A718
  1425 0001:0003A71C  1427 0001:0003A725  1432 0001:0003A728  1433 0001:0003A733
  1434 0001:0003A741  1435 0001:0003A758  1438 0001:0003A75C  1439 0001:0003A75D
  1440 0001:0003A76F  1442 0001:0003A7A4  1442 0001:0003A7AB

Line numbers for Unit1(Unit1.pas) segment .text

    41 0001:0004D6BC    42 0001:0004D6C3    43 0001:0004D6D6    44 0001:0004D6E4
    45 0001:0004D6EA    46 0001:0004D6F1    47 0001:0004D6F9    48 0001:0004D6FE
    49 0001:0004D703    50 0001:0004D708    51 0001:0004D715    52 0001:0004D727
    53 0001:0004D73B    54 0001:0004D748    55 0001:0004D75B    56 0001:0004D765
    57 0001:0004D76A    58 0001:0004D799    59 0001:0004D7A3    60 0001:0004D7A8
    63 0001:0004D7B0    64 0001:0004D7B3    65 0001:0004D7BC    66 0001:0004D7C8
    67 0001:0004D7DC    75 0001:0004D7E0    76 0001:0004D7E8    77 0001:0004D7F2
    78 0001:0004D7F9    79 0001:0004D7FE    80 0001:0004D803    81 0001:0004D805
    82 0001:0004D80E    83 0001:0004D821    86 0001:0004D836    87 0001:0004D841
    89 0001:0004D84C    90 0001:0004D85E    91 0001:0004D871    93 0001:0004D87D
    94 0001:0004D87E    95 0001:0004D88D    96 0001:0004D8A7    97 0001:0004D8BE
    92 0001:0004D8D3    99 0001:0004D8EA   100 0001:0004D92E   101 0001:0004D95F
    79 0001:0004D960   102 0001:0004D96C    78 0001:0004D96D   103 0001:0004D979
   104 0001:0004D97E   105 0001:0004D983   106 0001:0004D98F   110 0001:0004D9A8
   111 0001:0004D9AC   112 0001:0004D9B0   113 0001:0004D9B7   114 0001:0004D9D3
   115 0001:0004D9EE   118 0001:0004D9F5   119 0001:0004D9FC   121 0001:0004DA01
   126 0001:0004DA0C   127 0001:0004DA28   129 0001:0004DA3B   130 0001:0004DA49
   131 0001:0004DA58   132 0001:0004DA6C   133 0001:0004DA80   134 0001:0004DAB6
   136 0001:0004DAE9   139 0001:0004DB16   141 0001:0004DB5C   141 0001:0004DB63

Line numbers for Project1(D:\Incoming\[.WORK]\Graphs\Apfelmänchen\Project1.dpr) segment .text

     9 0001:0004DD74    10 0001:0004DD84    11 0001:0004DD90    12 0001:0004DD9E
    13 0001:0004DDB6    14 0001:0004DDC2

Bound resource files

c:\program files\borland\delphi7\Lib\Buttons.res
c:\program files\borland\delphi7\Lib\ExtDlgs.res
c:\program files\borland\delphi7\Lib\Controls.res
Unit1.dfm
Project1.res
Project1.drf


Program entry point at 0001:0004DD74
